test (22)	Set up job	﻿2026-01-22T04:14:18.1230812Z Current runner version: '2.331.0'
test (22)	Set up job	2026-01-22T04:14:18.1259709Z ##[group]Runner Image Provisioner
test (22)	Set up job	2026-01-22T04:14:18.1260675Z Hosted Compute Agent
test (22)	Set up job	2026-01-22T04:14:18.1261212Z Version: 20251211.462
test (22)	Set up job	2026-01-22T04:14:18.1261812Z Commit: 6cbad8c2bb55d58165063d031ccabf57e2d2db61
test (22)	Set up job	2026-01-22T04:14:18.1262627Z Build Date: 2025-12-11T16:28:49Z
test (22)	Set up job	2026-01-22T04:14:18.1263277Z Worker ID: {a0936c51-e220-42b2-9bb7-94d6d7d5b4bb}
test (22)	Set up job	2026-01-22T04:14:18.1263981Z ##[endgroup]
test (22)	Set up job	2026-01-22T04:14:18.1264529Z ##[group]Operating System
test (22)	Set up job	2026-01-22T04:14:18.1265126Z Ubuntu
test (22)	Set up job	2026-01-22T04:14:18.1265569Z 24.04.3
test (22)	Set up job	2026-01-22T04:14:18.1266077Z LTS
test (22)	Set up job	2026-01-22T04:14:18.1266510Z ##[endgroup]
test (22)	Set up job	2026-01-22T04:14:18.1267036Z ##[group]Runner Image
test (22)	Set up job	2026-01-22T04:14:18.1267607Z Image: ubuntu-24.04
test (22)	Set up job	2026-01-22T04:14:18.1268105Z Version: 20260111.209.1
test (22)	Set up job	2026-01-22T04:14:18.1269121Z Included Software: https://github.com/actions/runner-images/blob/ubuntu24/20260111.209/images/ubuntu/Ubuntu2404-Readme.md
test (22)	Set up job	2026-01-22T04:14:18.1270903Z Image Release: https://github.com/actions/runner-images/releases/tag/ubuntu24%2F20260111.209
test (22)	Set up job	2026-01-22T04:14:18.1272451Z ##[endgroup]
test (22)	Set up job	2026-01-22T04:14:18.1273546Z ##[group]GITHUB_TOKEN Permissions
test (22)	Set up job	2026-01-22T04:14:18.1275655Z Contents: read
test (22)	Set up job	2026-01-22T04:14:18.1276220Z Metadata: read
test (22)	Set up job	2026-01-22T04:14:18.1276802Z ##[endgroup]
test (22)	Set up job	2026-01-22T04:14:18.1278986Z Secret source: Actions
test (22)	Set up job	2026-01-22T04:14:18.1280366Z Prepare workflow directory
test (22)	Set up job	2026-01-22T04:14:18.1641321Z Prepare all required actions
test (22)	Set up job	2026-01-22T04:14:18.1682477Z Getting action download info
test (22)	Set up job	2026-01-22T04:14:18.4563936Z Download action repository 'actions/checkout@v4' (SHA:34e114876b0b11c390a56381ad16ebd13914f8d5)
test (22)	Set up job	2026-01-22T04:14:18.5580825Z Download action repository 'actions/setup-node@v4' (SHA:49933ea5288caeca8642d1e84afbd3f7d6820020)
test (22)	Set up job	2026-01-22T04:14:18.7564734Z Complete job name: test (22)
test (22)	Run actions/checkout@v4	﻿2026-01-22T04:14:18.8254811Z ##[group]Run actions/checkout@v4
test (22)	Run actions/checkout@v4	2026-01-22T04:14:18.8255666Z with:
test (22)	Run actions/checkout@v4	2026-01-22T04:14:18.8256126Z   repository: imewei/antigravity-claude-proxy
test (22)	Run actions/checkout@v4	2026-01-22T04:14:18.8256887Z   token: ***
test (22)	Run actions/checkout@v4	2026-01-22T04:14:18.8257281Z   ssh-strict: true
test (22)	Run actions/checkout@v4	2026-01-22T04:14:18.8257680Z   ssh-user: git
test (22)	Run actions/checkout@v4	2026-01-22T04:14:18.8258114Z   persist-credentials: true
test (22)	Run actions/checkout@v4	2026-01-22T04:14:18.8258567Z   clean: true
test (22)	Run actions/checkout@v4	2026-01-22T04:14:18.8258999Z   sparse-checkout-cone-mode: true
test (22)	Run actions/checkout@v4	2026-01-22T04:14:18.8259758Z   fetch-depth: 1
test (22)	Run actions/checkout@v4	2026-01-22T04:14:18.8260159Z   fetch-tags: false
test (22)	Run actions/checkout@v4	2026-01-22T04:14:18.8260575Z   show-progress: true
test (22)	Run actions/checkout@v4	2026-01-22T04:14:18.8260978Z   lfs: false
test (22)	Run actions/checkout@v4	2026-01-22T04:14:18.8261345Z   submodules: false
test (22)	Run actions/checkout@v4	2026-01-22T04:14:18.8261752Z   set-safe-directory: true
test (22)	Run actions/checkout@v4	2026-01-22T04:14:18.8262451Z ##[endgroup]
test (22)	Run actions/checkout@v4	2026-01-22T04:14:18.9338570Z Syncing repository: imewei/antigravity-claude-proxy
test (22)	Run actions/checkout@v4	2026-01-22T04:14:18.9340850Z ##[group]Getting Git version info
test (22)	Run actions/checkout@v4	2026-01-22T04:14:18.9341766Z Working directory is '/home/runner/work/antigravity-claude-proxy/antigravity-claude-proxy'
test (22)	Run actions/checkout@v4	2026-01-22T04:14:18.9342990Z [command]/usr/bin/git version
test (22)	Run actions/checkout@v4	2026-01-22T04:14:18.9401783Z git version 2.52.0
test (22)	Run actions/checkout@v4	2026-01-22T04:14:18.9428377Z ##[endgroup]
test (22)	Run actions/checkout@v4	2026-01-22T04:14:18.9452120Z Temporarily overriding HOME='/home/runner/work/_temp/fa3faa29-6362-4589-87a0-a405183d3fe4' before making global git config changes
test (22)	Run actions/checkout@v4	2026-01-22T04:14:18.9454472Z Adding repository directory to the temporary git global config as a safe directory
test (22)	Run actions/checkout@v4	2026-01-22T04:14:18.9459172Z [command]/usr/bin/git config --global --add safe.directory /home/runner/work/antigravity-claude-proxy/antigravity-claude-proxy
test (22)	Run actions/checkout@v4	2026-01-22T04:14:18.9499675Z Deleting the contents of '/home/runner/work/antigravity-claude-proxy/antigravity-claude-proxy'
test (22)	Run actions/checkout@v4	2026-01-22T04:14:18.9503438Z ##[group]Initializing the repository
test (22)	Run actions/checkout@v4	2026-01-22T04:14:18.9508687Z [command]/usr/bin/git init /home/runner/work/antigravity-claude-proxy/antigravity-claude-proxy
test (22)	Run actions/checkout@v4	2026-01-22T04:14:18.9606222Z hint: Using 'master' as the name for the initial branch. This default branch name
test (22)	Run actions/checkout@v4	2026-01-22T04:14:18.9607646Z hint: will change to "main" in Git 3.0. To configure the initial branch name
test (22)	Run actions/checkout@v4	2026-01-22T04:14:18.9608846Z hint: to use in all of your new repositories, which will suppress this warning,
test (22)	Run actions/checkout@v4	2026-01-22T04:14:18.9610486Z hint: call:
test (22)	Run actions/checkout@v4	2026-01-22T04:14:18.9610970Z hint:
test (22)	Run actions/checkout@v4	2026-01-22T04:14:18.9611822Z hint: 	git config --global init.defaultBranch <name>
test (22)	Run actions/checkout@v4	2026-01-22T04:14:18.9612910Z hint:
test (22)	Run actions/checkout@v4	2026-01-22T04:14:18.9613916Z hint: Names commonly chosen instead of 'master' are 'main', 'trunk' and
test (22)	Run actions/checkout@v4	2026-01-22T04:14:18.9615646Z hint: 'development'. The just-created branch can be renamed via this command:
test (22)	Run actions/checkout@v4	2026-01-22T04:14:18.9616992Z hint:
test (22)	Run actions/checkout@v4	2026-01-22T04:14:18.9617763Z hint: 	git branch -m <name>
test (22)	Run actions/checkout@v4	2026-01-22T04:14:18.9618577Z hint:
test (22)	Run actions/checkout@v4	2026-01-22T04:14:18.9619854Z hint: Disable this message with "git config set advice.defaultBranchName false"
test (22)	Run actions/checkout@v4	2026-01-22T04:14:18.9621978Z Initialized empty Git repository in /home/runner/work/antigravity-claude-proxy/antigravity-claude-proxy/.git/
test (22)	Run actions/checkout@v4	2026-01-22T04:14:18.9625295Z [command]/usr/bin/git remote add origin https://github.com/imewei/antigravity-claude-proxy
test (22)	Run actions/checkout@v4	2026-01-22T04:14:18.9658258Z ##[endgroup]
test (22)	Run actions/checkout@v4	2026-01-22T04:14:18.9659746Z ##[group]Disabling automatic garbage collection
test (22)	Run actions/checkout@v4	2026-01-22T04:14:18.9663325Z [command]/usr/bin/git config --local gc.auto 0
test (22)	Run actions/checkout@v4	2026-01-22T04:14:18.9692302Z ##[endgroup]
test (22)	Run actions/checkout@v4	2026-01-22T04:14:18.9693005Z ##[group]Setting up auth
test (22)	Run actions/checkout@v4	2026-01-22T04:14:18.9699743Z [command]/usr/bin/git config --local --name-only --get-regexp core\.sshCommand
test (22)	Run actions/checkout@v4	2026-01-22T04:14:18.9729833Z [command]/usr/bin/git submodule foreach --recursive sh -c "git config --local --name-only --get-regexp 'core\.sshCommand' && git config --local --unset-all 'core.sshCommand' || :"
test (22)	Run actions/checkout@v4	2026-01-22T04:14:19.0052173Z [command]/usr/bin/git config --local --name-only --get-regexp http\.https\:\/\/github\.com\/\.extraheader
test (22)	Run actions/checkout@v4	2026-01-22T04:14:19.0084855Z [command]/usr/bin/git submodule foreach --recursive sh -c "git config --local --name-only --get-regexp 'http\.https\:\/\/github\.com\/\.extraheader' && git config --local --unset-all 'http.https://github.com/.extraheader' || :"
test (22)	Run actions/checkout@v4	2026-01-22T04:14:19.0311841Z [command]/usr/bin/git config --local --name-only --get-regexp ^includeIf\.gitdir:
test (22)	Run actions/checkout@v4	2026-01-22T04:14:19.0344573Z [command]/usr/bin/git submodule foreach --recursive git config --local --show-origin --name-only --get-regexp remote.origin.url
test (22)	Run actions/checkout@v4	2026-01-22T04:14:19.0568359Z [command]/usr/bin/git config --local http.https://github.com/.extraheader AUTHORIZATION: basic ***
test (22)	Run actions/checkout@v4	2026-01-22T04:14:19.0602838Z ##[endgroup]
test (22)	Run actions/checkout@v4	2026-01-22T04:14:19.0604155Z ##[group]Fetching the repository
test (22)	Run actions/checkout@v4	2026-01-22T04:14:19.0612713Z [command]/usr/bin/git -c protocol.version=2 fetch --no-tags --prune --no-recurse-submodules --depth=1 origin +97848c276f3a0a6bf78bec76615101ca976668c7:refs/remotes/origin/main
test (22)	Run actions/checkout@v4	2026-01-22T04:14:19.5451015Z From https://github.com/imewei/antigravity-claude-proxy
test (22)	Run actions/checkout@v4	2026-01-22T04:14:19.5453367Z  * [new ref]         97848c276f3a0a6bf78bec76615101ca976668c7 -> origin/main
test (22)	Run actions/checkout@v4	2026-01-22T04:14:19.5485914Z ##[endgroup]
test (22)	Run actions/checkout@v4	2026-01-22T04:14:19.5487265Z ##[group]Determining the checkout info
test (22)	Run actions/checkout@v4	2026-01-22T04:14:19.5488989Z ##[endgroup]
test (22)	Run actions/checkout@v4	2026-01-22T04:14:19.5494579Z [command]/usr/bin/git sparse-checkout disable
test (22)	Run actions/checkout@v4	2026-01-22T04:14:19.5536752Z [command]/usr/bin/git config --local --unset-all extensions.worktreeConfig
test (22)	Run actions/checkout@v4	2026-01-22T04:14:19.5564893Z ##[group]Checking out the ref
test (22)	Run actions/checkout@v4	2026-01-22T04:14:19.5569563Z [command]/usr/bin/git checkout --progress --force -B main refs/remotes/origin/main
test (22)	Run actions/checkout@v4	2026-01-22T04:14:19.6035054Z Switched to a new branch 'main'
test (22)	Run actions/checkout@v4	2026-01-22T04:14:19.6036385Z branch 'main' set up to track 'origin/main'.
test (22)	Run actions/checkout@v4	2026-01-22T04:14:19.6049027Z ##[endgroup]
test (22)	Run actions/checkout@v4	2026-01-22T04:14:19.6089027Z [command]/usr/bin/git log -1 --format=%H
test (22)	Run actions/checkout@v4	2026-01-22T04:14:19.6111642Z 97848c276f3a0a6bf78bec76615101ca976668c7
test (22)	Setup Node.js	﻿2026-01-22T04:14:19.6378415Z ##[group]Run actions/setup-node@v4
test (22)	Setup Node.js	2026-01-22T04:14:19.6379012Z with:
test (22)	Setup Node.js	2026-01-22T04:14:19.6379666Z   node-version: 22
test (22)	Setup Node.js	2026-01-22T04:14:19.6380110Z   cache: npm
test (22)	Setup Node.js	2026-01-22T04:14:19.6380500Z   always-auth: false
test (22)	Setup Node.js	2026-01-22T04:14:19.6380915Z   check-latest: false
test (22)	Setup Node.js	2026-01-22T04:14:19.6381483Z   token: ***
test (22)	Setup Node.js	2026-01-22T04:14:19.6381859Z ##[endgroup]
test (22)	Setup Node.js	2026-01-22T04:14:19.8172247Z Found in cache @ /opt/hostedtoolcache/node/22.21.1/x64
test (22)	Setup Node.js	2026-01-22T04:14:19.8177908Z ##[group]Environment details
test (22)	Setup Node.js	2026-01-22T04:14:20.1658089Z node: v22.21.1
test (22)	Setup Node.js	2026-01-22T04:14:20.1659654Z npm: 10.9.4
test (22)	Setup Node.js	2026-01-22T04:14:20.1660581Z yarn: 1.22.22
test (22)	Setup Node.js	2026-01-22T04:14:20.1662645Z ##[endgroup]
test (22)	Setup Node.js	2026-01-22T04:14:20.1682352Z [command]/opt/hostedtoolcache/node/22.21.1/x64/bin/npm config get cache
test (22)	Setup Node.js	2026-01-22T04:14:20.2759112Z /home/runner/.npm
test (22)	Setup Node.js	2026-01-22T04:14:20.4078245Z Cache hit for: node-cache-Linux-x64-npm-6db4539e232ba5f94cb9fcd716ea7d7deac78436e69f5bc330e04b83cf4ff6ae
test (22)	Setup Node.js	2026-01-22T04:14:20.9745090Z Received 15475093 of 15475093 (100.0%), 33.7 MBs/sec
test (22)	Setup Node.js	2026-01-22T04:14:20.9746689Z Cache Size: ~15 MB (15475093 B)
test (22)	Setup Node.js	2026-01-22T04:14:20.9773454Z [command]/usr/bin/tar -xf /home/runner/work/_temp/ed5e99d7-c653-4add-969c-c2f5ba7d6d45/cache.tzst -P -C /home/runner/work/antigravity-claude-proxy/antigravity-claude-proxy --use-compress-program unzstd
test (22)	Setup Node.js	2026-01-22T04:14:21.0655598Z Cache restored successfully
test (22)	Setup Node.js	2026-01-22T04:14:21.0691194Z Cache restored from key: node-cache-Linux-x64-npm-6db4539e232ba5f94cb9fcd716ea7d7deac78436e69f5bc330e04b83cf4ff6ae
test (22)	Install dependencies	﻿2026-01-22T04:14:21.0836860Z ##[group]Run npm ci
test (22)	Install dependencies	2026-01-22T04:14:21.0837203Z [36;1mnpm ci[0m
test (22)	Install dependencies	2026-01-22T04:14:21.0880192Z shell: /usr/bin/bash -e {0}
test (22)	Install dependencies	2026-01-22T04:14:21.0880494Z ##[endgroup]
test (22)	Install dependencies	2026-01-22T04:14:27.2645401Z 
test (22)	Install dependencies	2026-01-22T04:14:27.2653591Z added 324 packages, and audited 325 packages in 6s
test (22)	Install dependencies	2026-01-22T04:14:27.2653996Z 
test (22)	Install dependencies	2026-01-22T04:14:27.2654202Z 81 packages are looking for funding
test (22)	Install dependencies	2026-01-22T04:14:27.2654568Z   run `npm fund` for details
test (22)	Install dependencies	2026-01-22T04:14:27.2656890Z 
test (22)	Install dependencies	2026-01-22T04:14:27.2657411Z found 0 vulnerabilities
test (22)	Run Tests	﻿2026-01-22T04:14:27.3281837Z ##[group]Run npm start &
test (22)	Run Tests	2026-01-22T04:14:27.3282150Z [36;1mnpm start &[0m
test (22)	Run Tests	2026-01-22T04:14:27.3282463Z [36;1mnpx wait-on http://localhost:8080 -t 30000[0m
test (22)	Run Tests	2026-01-22T04:14:27.3282785Z [36;1mnpm test[0m
test (22)	Run Tests	2026-01-22T04:14:27.3320486Z shell: /usr/bin/bash -e {0}
test (22)	Run Tests	2026-01-22T04:14:27.3320756Z ##[endgroup]
test (22)	Run Tests	2026-01-22T04:14:27.4379707Z 
test (22)	Run Tests	2026-01-22T04:14:27.4380856Z > antigravity-claude-proxy@1.2.6 start
test (22)	Run Tests	2026-01-22T04:14:27.4381733Z > node src/index.js
test (22)	Run Tests	2026-01-22T04:14:27.4382078Z 
test (22)	Run Tests	2026-01-22T04:14:27.6431043Z [90m[2026-01-22T04:14:27.642Z][0m [34m[INFO][0m [WebUI] Mounted at /
test (22)	Run Tests	2026-01-22T04:14:27.6458371Z 
test (22)	Run Tests	2026-01-22T04:14:27.6460278Z ╔══════════════════════════════════════════════════════════════╗
test (22)	Run Tests	2026-01-22T04:14:27.6461339Z ║           Antigravity Claude Proxy Server                    ║
test (22)	Run Tests	2026-01-22T04:14:27.6469240Z 93: ╠══════════════════════════════════════════════════════════════╣
test (22)	Run Tests	2026-01-22T04:14:27.6470476Z 94: ║                                                              ║
test (22)	Run Tests	2026-01-22T04:14:27.6471589Z ║  Server and WebUI running at: http://localhost:8080          ║
test (22)	Run Tests	2026-01-22T04:14:27.6472859Z ║                                                              ║
test (22)	Run Tests	2026-01-22T04:14:27.6473963Z ║  Active Modes:                                               ║
test (22)	Run Tests	2026-01-22T04:14:27.6475027Z ║    ✓ Strategy: Hybrid (Smart Distribution)                   ║
test (22)	Run Tests	2026-01-22T04:14:27.6476107Z ║                                                              ║
test (22)	Run Tests	2026-01-22T04:14:27.6477037Z ║  Control:                                                    ║
test (22)	Run Tests	2026-01-22T04:14:27.6478300Z ║    --strategy=<s>     Set account selection strategy         ║
test (22)	Run Tests	2026-01-22T04:14:27.6479540Z ║                         (sticky/round-robin/hybrid)          ║
test (22)	Run Tests	2026-01-22T04:14:27.6480530Z ║    --debug            Enable debug logging                   ║
test (22)	Run Tests	2026-01-22T04:14:27.6481291Z ║    --fallback         Enable model fallback on quota exhaust ║
test (22)	Run Tests	2026-01-22T04:14:27.6481825Z ║    Ctrl+C             Stop server                            ║
test (22)	Run Tests	2026-01-22T04:14:27.6482289Z ║                                                              ║
test (22)	Run Tests	2026-01-22T04:14:27.6482750Z ║  Endpoints:                                                  ║
test (22)	Run Tests	2026-01-22T04:14:27.6483253Z ║    POST /v1/messages         - Anthropic Messages API        ║
test (22)	Run Tests	2026-01-22T04:14:27.6483770Z ║    GET  /v1/models           - List available models         ║
test (22)	Run Tests	2026-01-22T04:14:27.6484621Z ║    GET  /health              - Health check                  ║
test (22)	Run Tests	2026-01-22T04:14:27.6485121Z ║    GET  /account-limits      - Account status & quotas       ║
test (22)	Run Tests	2026-01-22T04:14:27.6485626Z ║    POST /refresh-token       - Force token refresh           ║
test (22)	Run Tests	2026-01-22T04:14:27.6486079Z ║                                                              ║
test (22)	Run Tests	2026-01-22T04:14:27.6486525Z ║  Configuration:                                              ║
test (22)	Run Tests	2026-01-22T04:14:27.6487037Z ║    Storage: /home/runner/.antigravity-claude-proxy           ║
test (22)	Run Tests	2026-01-22T04:14:27.6487519Z ║                                                              ║
test (22)	Run Tests	2026-01-22T04:14:27.6487989Z ║  Usage with Claude Code:                                     ║
test (22)	Run Tests	2026-01-22T04:14:27.6488523Z ║    export ANTHROPIC_BASE_URL=http://localhost:8080           ║
test (22)	Run Tests	2026-01-22T04:14:27.6489122Z ║    export ANTHROPIC_API_KEY=dummy                            ║
test (22)	Run Tests	2026-01-22T04:14:27.6556695Z ║    claude                                                    ║
test (22)	Run Tests	2026-01-22T04:14:27.6557770Z ║                                                              ║
test (22)	Run Tests	2026-01-22T04:14:27.6558651Z ║  Add Google accounts:                                        ║
test (22)	Run Tests	2026-01-22T04:14:27.6559612Z ║    npm run accounts                                          ║
test (22)	Run Tests	2026-01-22T04:14:27.6560478Z ║                                                              ║
test (22)	Run Tests	2026-01-22T04:14:27.6561331Z ║  Prerequisites (if no accounts configured):                  ║
test (22)	Run Tests	2026-01-22T04:14:27.6562303Z ║    - Antigravity must be running                             ║
test (22)	Run Tests	2026-01-22T04:14:27.6563214Z ║    - Have a chat panel open in Antigravity                   ║
test (22)	Run Tests	2026-01-22T04:14:27.6564454Z ║                                                              ║
test (22)	Run Tests	2026-01-22T04:14:27.6565363Z ╚══════════════════════════════════════════════════════════════╝
test (22)	Run Tests	2026-01-22T04:14:27.6565883Z     
test (22)	Run Tests	2026-01-22T04:14:27.6566805Z [90m[2026-01-22T04:14:27.645Z][0m [32m[SUCCESS][0m Server started successfully on port 8080
test (22)	Run Tests	2026-01-22T04:14:27.6568518Z [90m[2026-01-22T04:14:27.647Z][0m [34m[INFO][0m [AccountManager] No config file found. Using Antigravity database (single account mode)
test (22)	Run Tests	2026-01-22T04:14:27.6570935Z [90m[2026-01-22T04:14:27.647Z][0m [33m[WARN][0m [AccountManager] No accounts in config. Falling back to Antigravity database
test (22)	Run Tests	2026-01-22T04:14:27.6581923Z [90m[2026-01-22T04:14:27.657Z][0m [31m[ERROR][0m [AccountManager] Failed to load default account: Failed to read Antigravity database: Cannot open database because the directory does not exist
test (22)	Run Tests	2026-01-22T04:14:27.6584544Z [90m[2026-01-22T04:14:27.658Z][0m [34m[INFO][0m [AccountManager] Using Hybrid (Smart Distribution) selection strategy
test (22)	Run Tests	2026-01-22T04:14:27.6586931Z [90m[2026-01-22T04:14:27.658Z][0m [32m[SUCCESS][0m [Server] Account pool initialized: 0 total, 0 available, 0 rate-limited, 0 invalid
test (22)	Run Tests	2026-01-22T04:14:27.9161221Z [90m[2026-01-22T04:14:27.915Z][0m [34m[INFO][0m [HEAD] / 200 (3ms)
test (22)	Run Tests	2026-01-22T04:14:28.0292819Z 
test (22)	Run Tests	2026-01-22T04:14:28.0293393Z > antigravity-claude-proxy@1.2.6 test
test (22)	Run Tests	2026-01-22T04:14:28.0293941Z > node tests/run-all.cjs
test (22)	Run Tests	2026-01-22T04:14:28.0294169Z 
test (22)	Run Tests	2026-01-22T04:14:28.0561832Z ╔══════════════════════════════════════════════════════════════╗
test (22)	Run Tests	2026-01-22T04:14:28.0564192Z ║              ANTIGRAVITY PROXY TEST SUITE                    ║
test (22)	Run Tests	2026-01-22T04:14:28.0565522Z ╚══════════════════════════════════════════════════════════════╝
test (22)	Run Tests	2026-01-22T04:14:28.0566185Z 
test (22)	Run Tests	2026-01-22T04:14:28.0566795Z Make sure the server is running on port 8080 before running tests.
test (22)	Run Tests	2026-01-22T04:14:28.0567435Z 
test (22)	Run Tests	2026-01-22T04:14:28.0567461Z 
test (22)	Run Tests	2026-01-22T04:14:28.0567477Z 
test (22)	Run Tests	2026-01-22T04:14:28.0568351Z ╔════════════════════════════════════════════════════════════╗
test (22)	Run Tests	2026-01-22T04:14:28.0569439Z ║ Running: Account Selection Strategies                      ║
test (22)	Run Tests	2026-01-22T04:14:28.0571952Z ╚════════════════════════════════════════════════════════════╝
test (22)	Run Tests	2026-01-22T04:14:28.0572584Z 
test (22)	Run Tests	2026-01-22T04:14:28.0902195Z ╔══════════════════════════════════════════════════════════════╗
test (22)	Run Tests	2026-01-22T04:14:28.0904446Z ║           ACCOUNT SELECTION STRATEGY TEST SUITE              ║
test (22)	Run Tests	2026-01-22T04:14:28.0905596Z ╚══════════════════════════════════════════════════════════════╝
test (22)	Run Tests	2026-01-22T04:14:28.0905961Z 
test (22)	Run Tests	2026-01-22T04:14:28.1115538Z 
test (22)	Run Tests	2026-01-22T04:14:28.1116350Z ─── HealthTracker Tests ───
test (22)	Run Tests	2026-01-22T04:14:28.1118003Z ✓ HealthTracker: initial score is 70 by default
test (22)	Run Tests	2026-01-22T04:14:28.1118938Z ✓ HealthTracker: custom initial score
test (22)	Run Tests	2026-01-22T04:14:28.1121794Z ✓ HealthTracker: recordSuccess increases score
test (22)	Run Tests	2026-01-22T04:14:28.1123443Z ✓ HealthTracker: recordRateLimit decreases score
test (22)	Run Tests	2026-01-22T04:14:28.1125579Z ✓ HealthTracker: recordFailure decreases score
test (22)	Run Tests	2026-01-22T04:14:28.1129212Z ✓ HealthTracker: score cannot exceed maxScore
test (22)	Run Tests	2026-01-22T04:14:28.1138328Z ✓ HealthTracker: score cannot go below 0
test (22)	Run Tests	2026-01-22T04:14:28.1139648Z ✓ HealthTracker: isUsable returns true when score >= minUsable
test (22)	Run Tests	2026-01-22T04:14:28.1140655Z ✓ HealthTracker: isUsable returns false when score < minUsable
test (22)	Run Tests	2026-01-22T04:14:28.1141484Z ✓ HealthTracker: reset restores initial score
test (22)	Run Tests	2026-01-22T04:14:28.1142184Z ✓ HealthTracker: clear removes all scores
test (22)	Run Tests	2026-01-22T04:14:28.1143024Z ✓ HealthTracker: getConsecutiveFailures returns 0 for new account
test (22)	Run Tests	2026-01-22T04:14:28.1143989Z ✓ HealthTracker: recordRateLimit increments consecutiveFailures
test (22)	Run Tests	2026-01-22T04:14:28.1144907Z ✓ HealthTracker: recordFailure increments consecutiveFailures
test (22)	Run Tests	2026-01-22T04:14:28.1145776Z ✓ HealthTracker: recordSuccess resets consecutiveFailures
test (22)	Run Tests	2026-01-22T04:14:28.1146576Z ✓ HealthTracker: reset clears consecutiveFailures
test (22)	Run Tests	2026-01-22T04:14:28.1146938Z 
test (22)	Run Tests	2026-01-22T04:14:28.1147242Z ─── TokenBucketTracker Tests ───
test (22)	Run Tests	2026-01-22T04:14:28.1147958Z ✓ TokenBucketTracker: initial tokens is 50 by default
test (22)	Run Tests	2026-01-22T04:14:28.1148675Z ✓ TokenBucketTracker: custom initial tokens
test (22)	Run Tests	2026-01-22T04:14:28.1149522Z ✓ TokenBucketTracker: consume decreases tokens
test (22)	Run Tests	2026-01-22T04:14:28.1150294Z ✓ TokenBucketTracker: consume fails when no tokens
test (22)	Run Tests	2026-01-22T04:14:28.1151135Z ✓ TokenBucketTracker: hasTokens returns true when tokens > 0
test (22)	Run Tests	2026-01-22T04:14:28.1152048Z ✓ TokenBucketTracker: hasTokens returns false when tokens < 1
test (22)	Run Tests	2026-01-22T04:14:28.1152818Z ✓ TokenBucketTracker: refund increases tokens
test (22)	Run Tests	2026-01-22T04:14:28.1153589Z ✓ TokenBucketTracker: refund cannot exceed maxTokens
test (22)	Run Tests	2026-01-22T04:14:28.1154473Z ✓ TokenBucketTracker: getMaxTokens returns configured max
test (22)	Run Tests	2026-01-22T04:14:28.1155279Z ✓ TokenBucketTracker: reset restores initial tokens
test (22)	Run Tests	2026-01-22T04:14:28.1155646Z 
test (22)	Run Tests	2026-01-22T04:14:28.1155884Z ─── QuotaTracker Tests ───
test (22)	Run Tests	2026-01-22T04:14:28.1156701Z ✓ QuotaTracker: getQuotaFraction returns null for missing data
test (22)	Run Tests	2026-01-22T04:14:28.1157585Z ✓ QuotaTracker: getQuotaFraction returns correct value
test (22)	Run Tests	2026-01-22T04:14:28.1158411Z ✓ QuotaTracker: isQuotaFresh returns false when no lastChecked
test (22)	Run Tests	2026-01-22T04:14:28.1159489Z ✓ QuotaTracker: isQuotaFresh returns true for recent data
test (22)	Run Tests	2026-01-22T04:14:28.1160427Z ✓ QuotaTracker: isQuotaFresh returns false for stale data
test (22)	Run Tests	2026-01-22T04:14:28.1161349Z ✓ QuotaTracker: isQuotaCritical returns false for unknown quota
test (22)	Run Tests	2026-01-22T04:14:28.1162600Z ✓ QuotaTracker: isQuotaCritical returns true when quota <= threshold
test (22)	Run Tests	2026-01-22T04:14:28.1163513Z ✓ QuotaTracker: isQuotaCritical returns false when quota > threshold
test (22)	Run Tests	2026-01-22T04:14:28.1164451Z ✓ QuotaTracker: isQuotaCritical returns false for stale data
test (22)	Run Tests	2026-01-22T04:14:28.1165225Z ✓ QuotaTracker: isQuotaLow returns true for low but not critical quota
test (22)	Run Tests	2026-01-22T04:14:28.1166179Z ✓ QuotaTracker: isQuotaLow returns false for critical quota
test (22)	Run Tests	2026-01-22T04:14:28.1167077Z ✓ QuotaTracker: getScore returns unknownScore for missing quota
test (22)	Run Tests	2026-01-22T04:14:28.1167954Z ✓ QuotaTracker: getScore returns 0-100 based on fraction
test (22)	Run Tests	2026-01-22T04:14:28.1168820Z ✓ QuotaTracker: getScore applies penalty for stale data
test (22)	Run Tests	2026-01-22T04:14:28.1169218Z 
test (22)	Run Tests	2026-01-22T04:14:28.1169676Z ─── BaseStrategy Tests ───
test (22)	Run Tests	2026-01-22T04:14:28.1170317Z ✓ BaseStrategy: cannot be instantiated directly
test (22)	Run Tests	2026-01-22T04:14:28.1171005Z ✓ BaseStrategy: isAccountUsable returns false for null account
test (22)	Run Tests	2026-01-22T04:14:28.1171616Z ✓ BaseStrategy: isAccountUsable returns false for invalid account
test (22)	Run Tests	2026-01-22T04:14:28.1172605Z ✓ BaseStrategy: isAccountUsable returns false for disabled account
test (22)	Run Tests	2026-01-22T04:14:28.1173282Z ✓ BaseStrategy: isAccountUsable returns false for rate-limited model
test (22)	Run Tests	2026-01-22T04:14:28.1173858Z ✓ BaseStrategy: isAccountUsable returns true for expired rate limit
test (22)	Run Tests	2026-01-22T04:14:28.1174688Z ✓ BaseStrategy: getUsableAccounts filters correctly
test (22)	Run Tests	2026-01-22T04:14:28.1175057Z 
test (22)	Run Tests	2026-01-22T04:14:28.1175303Z ─── StickyStrategy Tests ───
test (22)	Run Tests	2026-01-22T04:14:28.1175700Z ✓ StickyStrategy: returns null for empty accounts
test (22)	Run Tests	2026-01-22T04:14:28.1176923Z ✓ StickyStrategy: keeps using current account when available
test (22)	Run Tests	2026-01-22T04:14:28.1183091Z [90m[2026-01-22T04:14:28.117Z][0m [34m[INFO][0m [StickyStrategy] Using account: account2@example.com (2/3)
test (22)	Run Tests	2026-01-22T04:14:28.1185357Z [90m[2026-01-22T04:14:28.118Z][0m [34m[INFO][0m [StickyStrategy] Switched to new account (failover): account2@example.com
test (22)	Run Tests	2026-01-22T04:14:28.1186852Z ✓ StickyStrategy: switches when current account is rate-limited
test (22)	Run Tests	2026-01-22T04:14:28.1188500Z [90m[2026-01-22T04:14:28.118Z][0m [34m[INFO][0m [StickyStrategy] Waiting 30s for sticky account: account1@example.com
test (22)	Run Tests	2026-01-22T04:14:28.1190247Z ✓ StickyStrategy: returns waitMs when current account has short rate limit
test (22)	Run Tests	2026-01-22T04:14:28.1191791Z [90m[2026-01-22T04:14:28.118Z][0m [34m[INFO][0m [StickyStrategy] Using account: account2@example.com (2/3)
test (22)	Run Tests	2026-01-22T04:14:28.1193645Z [90m[2026-01-22T04:14:28.118Z][0m [34m[INFO][0m [StickyStrategy] Switched to new account (failover): account2@example.com
test (22)	Run Tests	2026-01-22T04:14:28.1195123Z ✓ StickyStrategy: switches when current account is disabled
test (22)	Run Tests	2026-01-22T04:14:28.1196590Z [90m[2026-01-22T04:14:28.118Z][0m [34m[INFO][0m [StickyStrategy] Using account: account2@example.com (2/3)
test (22)	Run Tests	2026-01-22T04:14:28.1198443Z [90m[2026-01-22T04:14:28.118Z][0m [34m[INFO][0m [StickyStrategy] Switched to new account (failover): account2@example.com
test (22)	Run Tests	2026-01-22T04:14:28.1200052Z ✓ StickyStrategy: switches when current account is invalid
test (22)	Run Tests	2026-01-22T04:14:28.1201489Z [90m[2026-01-22T04:14:28.118Z][0m [34m[INFO][0m [StickyStrategy] Using account: account1@example.com (1/3)
test (22)	Run Tests	2026-01-22T04:14:28.1203257Z [90m[2026-01-22T04:14:28.118Z][0m [34m[INFO][0m [StickyStrategy] Switched to new account (failover): account1@example.com
test (22)	Run Tests	2026-01-22T04:14:28.1204413Z ✓ StickyStrategy: wraps around when at end of list
test (22)	Run Tests	2026-01-22T04:14:28.1205174Z ✓ StickyStrategy: clamps invalid currentIndex
test (22)	Run Tests	2026-01-22T04:14:28.1205537Z 
test (22)	Run Tests	2026-01-22T04:14:28.1205839Z ─── RoundRobinStrategy Tests ───
test (22)	Run Tests	2026-01-22T04:14:28.1206572Z ✓ RoundRobinStrategy: returns null for empty accounts
test (22)	Run Tests	2026-01-22T04:14:28.1207915Z [90m[2026-01-22T04:14:28.119Z][0m [34m[INFO][0m [RoundRobinStrategy] Using account: account2@example.com (2/3)
test (22)	Run Tests	2026-01-22T04:14:28.1209975Z [90m[2026-01-22T04:14:28.119Z][0m [34m[INFO][0m [RoundRobinStrategy] Using account: account3@example.com (3/3)
test (22)	Run Tests	2026-01-22T04:14:28.1212079Z [90m[2026-01-22T04:14:28.119Z][0m [34m[INFO][0m [RoundRobinStrategy] Using account: account1@example.com (1/3)
test (22)	Run Tests	2026-01-22T04:14:28.1213832Z [90m[2026-01-22T04:14:28.119Z][0m [34m[INFO][0m [RoundRobinStrategy] Using account: account2@example.com (2/3)
test (22)	Run Tests	2026-01-22T04:14:28.1215050Z ✓ RoundRobinStrategy: rotates through accounts
test (22)	Run Tests	2026-01-22T04:14:28.1216460Z [90m[2026-01-22T04:14:28.119Z][0m [34m[INFO][0m [RoundRobinStrategy] Using account: account3@example.com (3/3)
test (22)	Run Tests	2026-01-22T04:14:28.1218227Z [90m[2026-01-22T04:14:28.119Z][0m [34m[INFO][0m [RoundRobinStrategy] Using account: account1@example.com (1/3)
test (22)	Run Tests	2026-01-22T04:14:28.1220182Z [90m[2026-01-22T04:14:28.119Z][0m [34m[INFO][0m [RoundRobinStrategy] Using account: account3@example.com (3/3)
test (22)	Run Tests	2026-01-22T04:14:28.1221414Z ✓ RoundRobinStrategy: skips unavailable accounts
test (22)	Run Tests	2026-01-22T04:14:28.1222448Z ✓ RoundRobinStrategy: returns null when all accounts unavailable
test (22)	Run Tests	2026-01-22T04:14:28.1223958Z [90m[2026-01-22T04:14:28.119Z][0m [34m[INFO][0m [RoundRobinStrategy] Using account: account2@example.com (2/3)
test (22)	Run Tests	2026-01-22T04:14:28.1225726Z [90m[2026-01-22T04:14:28.120Z][0m [34m[INFO][0m [RoundRobinStrategy] Using account: account3@example.com (3/3)
test (22)	Run Tests	2026-01-22T04:14:28.1227457Z [90m[2026-01-22T04:14:28.120Z][0m [34m[INFO][0m [RoundRobinStrategy] Using account: account2@example.com (2/3)
test (22)	Run Tests	2026-01-22T04:14:28.1228715Z ✓ RoundRobinStrategy: resetCursor resets position
test (22)	Run Tests	2026-01-22T04:14:28.1229165Z 
test (22)	Run Tests	2026-01-22T04:14:28.1229705Z ─── HybridStrategy Tests ───
test (22)	Run Tests	2026-01-22T04:14:28.1230508Z ✓ HybridStrategy: returns null for empty accounts
test (22)	Run Tests	2026-01-22T04:14:28.1232020Z [90m[2026-01-22T04:14:28.121Z][0m [34m[INFO][0m [HybridStrategy] Using account: account3@example.com (3/3, score: 796.0)
test (22)	Run Tests	2026-01-22T04:14:28.1233550Z ✓ HybridStrategy: selects best scored account
test (22)	Run Tests	2026-01-22T04:14:28.1235169Z [90m[2026-01-22T04:14:28.121Z][0m [33m[WARN][0m [HybridStrategy] Strict filters exhausted, using fallback (ignoring health/token scores)
test (22)	Run Tests	2026-01-22T04:14:28.1237391Z [90m[2026-01-22T04:14:28.121Z][0m [34m[INFO][0m [HybridStrategy] Using account: account3@example.com (3/3, score: 730.2)
test (22)	Run Tests	2026-01-22T04:14:28.1238678Z ✓ HybridStrategy: filters out unhealthy accounts
test (22)	Run Tests	2026-01-22T04:14:28.1239780Z ✓ HybridStrategy: filters out accounts without tokens
test (22)	Run Tests	2026-01-22T04:14:28.1241279Z [90m[2026-01-22T04:14:28.121Z][0m [34m[INFO][0m [HybridStrategy] Using account: account1@example.com (1/1, score: 390.0)
test (22)	Run Tests	2026-01-22T04:14:28.1242528Z ✗ HybridStrategy: consumes token on selection
test (22)	Run Tests	2026-01-22T04:14:28.1243149Z   Error: Token should be consumed
test (22)	Run Tests	2026-01-22T04:14:28.1243619Z Expected: 9
test (22)	Run Tests	2026-01-22T04:14:28.1243978Z Actual: 9.0001
test (22)	Run Tests	2026-01-22T04:14:28.1244612Z ✓ HybridStrategy: onSuccess increases health
test (22)	Run Tests	2026-01-22T04:14:28.1245433Z ✓ HybridStrategy: onRateLimit decreases health
test (22)	Run Tests	2026-01-22T04:14:28.1246987Z [90m[2026-01-22T04:14:28.122Z][0m [34m[INFO][0m [HybridStrategy] Using account: account1@example.com (1/1, score: 390.0)
test (22)	Run Tests	2026-01-22T04:14:28.1248424Z ✓ HybridStrategy: onFailure decreases health and refunds token
test (22)	Run Tests	2026-01-22T04:14:28.1250076Z [90m[2026-01-22T04:14:28.122Z][0m [34m[INFO][0m [HybridStrategy] Using account: old-account@example.com (2/2, score: 856.0)
test (22)	Run Tests	2026-01-22T04:14:28.1251294Z ✓ HybridStrategy: scoring formula weights work correctly
test (22)	Run Tests	2026-01-22T04:14:28.1252640Z [90m[2026-01-22T04:14:28.122Z][0m [34m[INFO][0m [HybridStrategy] Using account: healthy@example.com (2/2, score: 790.0)
test (22)	Run Tests	2026-01-22T04:14:28.1253765Z ✓ HybridStrategy: filters out accounts with critical quota
test (22)	Run Tests	2026-01-22T04:14:28.1255071Z [90m[2026-01-22T04:14:28.123Z][0m [34m[INFO][0m [HybridStrategy] Using account: high-quota@example.com (2/2, score: 880.0)
test (22)	Run Tests	2026-01-22T04:14:28.1256099Z ✓ HybridStrategy: prefers higher quota accounts
test (22)	Run Tests	2026-01-22T04:14:28.1257375Z [90m[2026-01-22T04:14:28.123Z][0m [33m[WARN][0m [HybridStrategy] Strict filters exhausted, using fallback (ignoring health/token scores)
test (22)	Run Tests	2026-01-22T04:14:28.1258822Z [90m[2026-01-22T04:14:28.123Z][0m [34m[INFO][0m [HybridStrategy] Using account: critical1@example.com (1/2, score: 646.1)
test (22)	Run Tests	2026-01-22T04:14:28.1260039Z ✓ HybridStrategy: falls back when all accounts have critical quota
test (22)	Run Tests	2026-01-22T04:14:28.1260546Z ✓ HybridStrategy: getQuotaTracker returns tracker
test (22)	Run Tests	2026-01-22T04:14:28.1260765Z 
test (22)	Run Tests	2026-01-22T04:14:28.1260934Z ─── Strategy Factory Tests ───
test (22)	Run Tests	2026-01-22T04:14:28.1261323Z ✓ createStrategy: creates StickyStrategy for "sticky"
test (22)	Run Tests	2026-01-22T04:14:28.1261822Z ✓ createStrategy: creates RoundRobinStrategy for "round-robin"
test (22)	Run Tests	2026-01-22T04:14:28.1262345Z ✓ createStrategy: creates RoundRobinStrategy for "roundrobin"
test (22)	Run Tests	2026-01-22T04:14:28.1262814Z ✓ createStrategy: creates HybridStrategy for "hybrid"
test (22)	Run Tests	2026-01-22T04:14:28.1263520Z [90m[2026-01-22T04:14:28.123Z][0m [33m[WARN][0m [Strategy] Unknown strategy "unknown", falling back to hybrid
test (22)	Run Tests	2026-01-22T04:14:28.1264196Z ✓ createStrategy: falls back to HybridStrategy for unknown strategy
test (22)	Run Tests	2026-01-22T04:14:28.1264654Z ✓ createStrategy: uses default when null
test (22)	Run Tests	2026-01-22T04:14:28.1265018Z ✓ createStrategy: is case-insensitive
test (22)	Run Tests	2026-01-22T04:14:28.1265429Z ✓ isValidStrategy: returns true for valid strategies
test (22)	Run Tests	2026-01-22T04:14:28.1265869Z ✓ isValidStrategy: returns false for invalid strategies
test (22)	Run Tests	2026-01-22T04:14:28.1266279Z ✓ getStrategyLabel: returns correct labels
test (22)	Run Tests	2026-01-22T04:14:28.1266687Z ✓ getStrategyLabel: returns default label for unknown
test (22)	Run Tests	2026-01-22T04:14:28.1267093Z ✓ STRATEGY_NAMES contains all valid strategies
test (22)	Run Tests	2026-01-22T04:14:28.1267416Z ✓ DEFAULT_STRATEGY is hybrid
test (22)	Run Tests	2026-01-22T04:14:28.1267573Z 
test (22)	Run Tests	2026-01-22T04:14:28.1267706Z ─── Integration Tests ───
test (22)	Run Tests	2026-01-22T04:14:28.1268413Z [90m[2026-01-22T04:14:28.124Z][0m [34m[INFO][0m [HybridStrategy] Using account: account2@example.com (2/2, score: 790.1)
test (22)	Run Tests	2026-01-22T04:14:28.1269243Z ✓ Integration: Hybrid strategy recovers from rate limits
test (22)	Run Tests	2026-01-22T04:14:28.1270224Z [90m[2026-01-22T04:14:28.124Z][0m [34m[INFO][0m [HybridStrategy] Using account: account1@example.com (1/1, score: 390.0)
test (22)	Run Tests	2026-01-22T04:14:28.1271156Z [90m[2026-01-22T04:14:28.124Z][0m [34m[INFO][0m [HybridStrategy] Using account: account1@example.com (1/1, score: 340.0)
test (22)	Run Tests	2026-01-22T04:14:28.1271791Z ✓ Integration: Token consumption limits requests
test (22)	Run Tests	2026-01-22T04:14:28.1272468Z [90m[2026-01-22T04:14:28.124Z][0m [34m[INFO][0m [StickyStrategy] Using account: account2@example.com (2/2)
test (22)	Run Tests	2026-01-22T04:14:28.1273373Z [90m[2026-01-22T04:14:28.124Z][0m [34m[INFO][0m [StickyStrategy] Switched to new account (failover): account2@example.com
test (22)	Run Tests	2026-01-22T04:14:28.1274058Z ✓ Integration: Multi-model rate limiting is independent
test (22)	Run Tests	2026-01-22T04:14:28.1274282Z 
test (22)	Run Tests	2026-01-22T04:14:28.1274552Z ════════════════════════════════════════════════════════════
test (22)	Run Tests	2026-01-22T04:14:28.1274913Z Tests completed: 88 passed, 1 failed
test (22)	Run Tests	2026-01-22T04:14:28.1291777Z 
test (22)	Run Tests	2026-01-22T04:14:28.1292154Z 
test (22)	Run Tests	2026-01-22T04:14:28.1292230Z 
test (22)	Run Tests	2026-01-22T04:14:28.1292306Z 
test (22)	Run Tests	2026-01-22T04:14:28.1292960Z ╔════════════════════════════════════════════════════════════╗
test (22)	Run Tests	2026-01-22T04:14:28.1293890Z ║ Running: Thinking Signatures                               ║
test (22)	Run Tests	2026-01-22T04:14:28.1294895Z ╚════════════════════════════════════════════════════════════╝
test (22)	Run Tests	2026-01-22T04:14:28.1295304Z 
test (22)	Run Tests	2026-01-22T04:14:28.1594170Z 
test (22)	Run Tests	2026-01-22T04:14:28.1594447Z 
test (22)	Run Tests	2026-01-22T04:14:28.1599888Z ============================================================
test (22)	Run Tests	2026-01-22T04:14:28.1600659Z THINKING SIGNATURE TEST [CLAUDE]
test (22)	Run Tests	2026-01-22T04:14:28.1601317Z Model: claude-sonnet-4-5-thinking
test (22)	Run Tests	2026-01-22T04:14:28.1603388Z Simulates Claude Code multi-turn with thinking blocks
test (22)	Run Tests	2026-01-22T04:14:28.1605326Z ============================================================
test (22)	Run Tests	2026-01-22T04:14:28.1605720Z 
test (22)	Run Tests	2026-01-22T04:14:28.1606033Z TEST 1: Initial request with thinking model
test (22)	Run Tests	2026-01-22T04:14:28.1606683Z ----------------------------------------
test (22)	Run Tests	2026-01-22T04:14:28.1845448Z [90m[2026-01-22T04:14:28.184Z][0m [33m[WARN][0m [Server] All accounts rate-limited for claude-sonnet-4-5-thinking. Resetting state for optimistic retry.
test (22)	Run Tests	2026-01-22T04:14:28.1847531Z [90m[2026-01-22T04:14:28.184Z][0m [33m[WARN][0m [AccountManager] Reset all rate limits for optimistic retry
test (22)	Run Tests	2026-01-22T04:14:28.1849788Z [90m[2026-01-22T04:14:28.184Z][0m [34m[INFO][0m [API] Request for model: claude-sonnet-4-5-thinking, stream: true
test (22)	Run Tests	2026-01-22T04:14:28.1859978Z [90m[2026-01-22T04:14:28.185Z][0m [33m[WARN][0m [CloudCode] All 0 account(s) rate-limited. Waiting 10s...
test (22)	Run Tests	2026-01-22T04:14:38.6884104Z [90m[2026-01-22T04:14:38.687Z][0m [33m[WARN][0m [CloudCode] All 0 account(s) rate-limited. Waiting 10s...
test (22)	Run Tests	2026-01-22T04:14:49.1995917Z [90m[2026-01-22T04:14:49.199Z][0m [33m[WARN][0m [CloudCode] All 0 account(s) rate-limited. Waiting 10s...
test (22)	Run Tests	2026-01-22T04:14:59.7017827Z [90m[2026-01-22T04:14:59.701Z][0m [33m[WARN][0m [CloudCode] All 0 account(s) rate-limited. Waiting 10s...
test (22)	Run Tests	2026-01-22T04:15:10.2127831Z [90m[2026-01-22T04:15:10.212Z][0m [33m[WARN][0m [CloudCode] All 0 account(s) rate-limited. Waiting 10s...
test (22)	Run Tests	2026-01-22T04:15:20.7239207Z [90m[2026-01-22T04:15:20.723Z][0m [31m[ERROR][0m [API] Stream error: Error: Max retries exceeded
test (22)	Run Tests	2026-01-22T04:15:20.7241154Z     at sendMessageStream (file:///home/runner/work/antigravity-claude-proxy/antigravity-claude-proxy/src/cloudcode/streaming-handler.js:554:11)
test (22)	Run Tests	2026-01-22T04:15:20.7243024Z     at async file:///home/runner/work/antigravity-claude-proxy/antigravity-claude-proxy/src/server/routes/anthropic.js:192:38
test (22)	Run Tests	2026-01-22T04:15:20.7247039Z [90m[2026-01-22T04:15:20.724Z][0m [34m[INFO][0m [POST] /messages 200 (52542ms)
test (22)	Run Tests	2026-01-22T04:15:20.7266674Z   Thinking blocks: 0
test (22)	Run Tests	2026-01-22T04:15:20.7267523Z   Tool use blocks: 0
test (22)	Run Tests	2026-01-22T04:15:20.7267928Z   Text blocks: 0
test (22)	Run Tests	2026-01-22T04:15:20.7268308Z   Thinking signature: NO
test (22)	Run Tests	2026-01-22T04:15:20.7269519Z   Tool use signature: NO
test (22)	Run Tests	2026-01-22T04:15:20.7269998Z   Has signature (combined): NO
test (22)	Run Tests	2026-01-22T04:15:20.7270423Z   Result: FAIL
test (22)	Run Tests	2026-01-22T04:15:20.7270641Z 
test (22)	Run Tests	2026-01-22T04:15:20.7271084Z TEST 2: Multi-turn with thinking signature in assistant message
test (22)	Run Tests	2026-01-22T04:15:20.7271814Z ----------------------------------------
test (22)	Run Tests	2026-01-22T04:15:20.7272408Z   SKIPPED - No tool use in turn 1
test (22)	Run Tests	2026-01-22T04:15:20.7272713Z 
test (22)	Run Tests	2026-01-22T04:15:20.7272979Z TEST 3: Verify signature events in stream
test (22)	Run Tests	2026-01-22T04:15:20.7273496Z ----------------------------------------
test (22)	Run Tests	2026-01-22T04:15:20.7273971Z   signature_delta events: 0
test (22)	Run Tests	2026-01-22T04:15:20.7274377Z   Result: FAIL
test (22)	Run Tests	2026-01-22T04:15:20.7274563Z 
test (22)	Run Tests	2026-01-22T04:15:20.7274873Z ============================================================
test (22)	Run Tests	2026-01-22T04:15:20.7275388Z SUMMARY [CLAUDE]
test (22)	Run Tests	2026-01-22T04:15:20.7275897Z ============================================================
test (22)	Run Tests	2026-01-22T04:15:20.7276506Z   [FAIL] Turn 1: Thinking + Signature + Tool Use
test (22)	Run Tests	2026-01-22T04:15:20.7277101Z   [SKIP] Turn 2: Multi-turn with signature
test (22)	Run Tests	2026-01-22T04:15:20.7277697Z   [FAIL] Signature present (delta or on tool_use)
test (22)	Run Tests	2026-01-22T04:15:20.7278065Z 
test (22)	Run Tests	2026-01-22T04:15:20.7278361Z ============================================================
test (22)	Run Tests	2026-01-22T04:15:20.7278895Z [CLAUDE] SOME TESTS FAILED
test (22)	Run Tests	2026-01-22T04:15:20.7279667Z ============================================================
test (22)	Run Tests	2026-01-22T04:15:20.7280111Z 
test (22)	Run Tests	2026-01-22T04:15:20.7280126Z 
test (22)	Run Tests	2026-01-22T04:15:20.7280352Z ============================================================
test (22)	Run Tests	2026-01-22T04:15:20.7280670Z THINKING SIGNATURE TEST [GEMINI]
test (22)	Run Tests	2026-01-22T04:15:20.7280921Z Model: gemini-3-flash
test (22)	Run Tests	2026-01-22T04:15:20.7281229Z Simulates Claude Code multi-turn with thinking blocks
test (22)	Run Tests	2026-01-22T04:15:20.7281596Z ============================================================
test (22)	Run Tests	2026-01-22T04:15:20.7281777Z 
test (22)	Run Tests	2026-01-22T04:15:20.7281938Z TEST 1: Initial request with thinking model
test (22)	Run Tests	2026-01-22T04:15:20.7282249Z ----------------------------------------
test (22)	Run Tests	2026-01-22T04:15:20.7295541Z [90m[2026-01-22T04:15:20.729Z][0m [33m[WARN][0m [Server] All accounts rate-limited for gemini-3-flash. Resetting state for optimistic retry.
test (22)	Run Tests	2026-01-22T04:15:20.7297140Z [90m[2026-01-22T04:15:20.729Z][0m [33m[WARN][0m [AccountManager] Reset all rate limits for optimistic retry
test (22)	Run Tests	2026-01-22T04:15:20.7298594Z [90m[2026-01-22T04:15:20.729Z][0m [34m[INFO][0m [API] Request for model: gemini-3-flash, stream: true
test (22)	Run Tests	2026-01-22T04:15:20.7300949Z [90m[2026-01-22T04:15:20.729Z][0m [33m[WARN][0m [CloudCode] All 0 account(s) rate-limited. Waiting 10s...
test (22)	Run Tests	2026-01-22T04:15:31.2340163Z [90m[2026-01-22T04:15:31.233Z][0m [33m[WARN][0m [CloudCode] All 0 account(s) rate-limited. Waiting 10s...
test (22)	Run Tests	2026-01-22T04:15:41.7447955Z [90m[2026-01-22T04:15:41.744Z][0m [33m[WARN][0m [CloudCode] All 0 account(s) rate-limited. Waiting 10s...
test (22)	Run Tests	2026-01-22T04:15:52.2560914Z [90m[2026-01-22T04:15:52.255Z][0m [33m[WARN][0m [CloudCode] All 0 account(s) rate-limited. Waiting 10s...
test (22)	Run Tests	2026-01-22T04:16:02.7611623Z [90m[2026-01-22T04:16:02.760Z][0m [33m[WARN][0m [CloudCode] All 0 account(s) rate-limited. Waiting 10s...
test (22)	Run Tests	2026-01-22T04:16:13.2721845Z [90m[2026-01-22T04:16:13.271Z][0m [31m[ERROR][0m [API] Stream error: Error: Max retries exceeded
test (22)	Run Tests	2026-01-22T04:16:13.2724011Z     at sendMessageStream (file:///home/runner/work/antigravity-claude-proxy/antigravity-claude-proxy/src/cloudcode/streaming-handler.js:554:11)
test (22)	Run Tests	2026-01-22T04:16:13.2725775Z     at async file:///home/runner/work/antigravity-claude-proxy/antigravity-claude-proxy/src/server/routes/anthropic.js:192:38
test (22)	Run Tests	2026-01-22T04:16:13.2727051Z [90m[2026-01-22T04:16:13.272Z][0m [34m[INFO][0m [POST] /messages 200 (52544ms)
test (22)	Run Tests	2026-01-22T04:16:13.2730490Z   Thinking blocks: 0
test (22)	Run Tests	2026-01-22T04:16:13.2730893Z   Tool use blocks: 0
test (22)	Run Tests	2026-01-22T04:16:13.2731276Z   Text blocks: 0
test (22)	Run Tests	2026-01-22T04:16:13.2731592Z   Thinking signature: NO
test (22)	Run Tests	2026-01-22T04:16:13.2731952Z   Tool use signature: NO
test (22)	Run Tests	2026-01-22T04:16:13.2732371Z   Has signature (combined): NO
test (22)	Run Tests	2026-01-22T04:16:13.2733293Z   Result: FAIL
test (22)	Run Tests	2026-01-22T04:16:13.2733508Z 
test (22)	Run Tests	2026-01-22T04:16:13.2733909Z TEST 2: Multi-turn with thinking signature in assistant message
test (22)	Run Tests	2026-01-22T04:16:13.2734581Z ----------------------------------------
test (22)	Run Tests	2026-01-22T04:16:13.2735076Z   SKIPPED - No tool use in turn 1
test (22)	Run Tests	2026-01-22T04:16:13.2735352Z 
test (22)	Run Tests	2026-01-22T04:16:13.2735605Z TEST 3: Verify signature events in stream
test (22)	Run Tests	2026-01-22T04:16:13.2736153Z ----------------------------------------
test (22)	Run Tests	2026-01-22T04:16:13.2736585Z   signature_delta events: 0
test (22)	Run Tests	2026-01-22T04:16:13.2736949Z   Result: FAIL
test (22)	Run Tests	2026-01-22T04:16:13.2737127Z 
test (22)	Run Tests	2026-01-22T04:16:13.2737375Z ============================================================
test (22)	Run Tests	2026-01-22T04:16:13.2737674Z SUMMARY [GEMINI]
test (22)	Run Tests	2026-01-22T04:16:13.2737972Z ============================================================
test (22)	Run Tests	2026-01-22T04:16:13.2738462Z   [FAIL] Turn 1: Thinking + Signature + Tool Use
test (22)	Run Tests	2026-01-22T04:16:13.2738818Z   [SKIP] Turn 2: Multi-turn with signature
test (22)	Run Tests	2026-01-22T04:16:13.2739173Z   [FAIL] Signature present (delta or on tool_use)
test (22)	Run Tests	2026-01-22T04:16:13.2739685Z 
test (22)	Run Tests	2026-01-22T04:16:13.2739868Z ============================================================
test (22)	Run Tests	2026-01-22T04:16:13.2740164Z [GEMINI] SOME TESTS FAILED
test (22)	Run Tests	2026-01-22T04:16:13.2740468Z ============================================================
test (22)	Run Tests	2026-01-22T04:16:13.2740661Z 
test (22)	Run Tests	2026-01-22T04:16:13.2740819Z ============================================================
test (22)	Run Tests	2026-01-22T04:16:13.2741081Z FINAL RESULT
test (22)	Run Tests	2026-01-22T04:16:13.2741345Z ============================================================
test (22)	Run Tests	2026-01-22T04:16:13.2741664Z Overall: SOME MODEL FAMILIES FAILED
test (22)	Run Tests	2026-01-22T04:16:13.2741990Z ============================================================
test (22)	Run Tests	2026-01-22T04:16:13.2764977Z 
test (22)	Run Tests	2026-01-22T04:16:13.2765119Z 
test (22)	Run Tests	2026-01-22T04:16:13.2765144Z 
test (22)	Run Tests	2026-01-22T04:16:13.2765152Z 
test (22)	Run Tests	2026-01-22T04:16:13.2765603Z ╔════════════════════════════════════════════════════════════╗
test (22)	Run Tests	2026-01-22T04:16:13.2766741Z ║ Running: Multi-turn Tools (Non-Streaming)                  ║
test (22)	Run Tests	2026-01-22T04:16:13.2767485Z ╚════════════════════════════════════════════════════════════╝
test (22)	Run Tests	2026-01-22T04:16:13.2767722Z 
test (22)	Run Tests	2026-01-22T04:16:13.3067784Z 
test (22)	Run Tests	2026-01-22T04:16:13.3067849Z 
test (22)	Run Tests	2026-01-22T04:16:13.3073701Z ============================================================
test (22)	Run Tests	2026-01-22T04:16:13.3074448Z MULTI-TURN TOOL CALL TEST [CLAUDE]
test (22)	Run Tests	2026-01-22T04:16:13.3075029Z Model: claude-sonnet-4-5-thinking
test (22)	Run Tests	2026-01-22T04:16:13.3076155Z Simulates Claude Code conversation pattern
test (22)	Run Tests	2026-01-22T04:16:13.3076846Z ============================================================
test (22)	Run Tests	2026-01-22T04:16:13.3077219Z 
test (22)	Run Tests	2026-01-22T04:16:13.3077561Z TURN 1: User asks to find and read a config file
test (22)	Run Tests	2026-01-22T04:16:13.3078166Z ----------------------------------------
test (22)	Run Tests	2026-01-22T04:16:13.3195842Z [90m[2026-01-22T04:16:13.319Z][0m [33m[WARN][0m [Server] All accounts rate-limited for claude-sonnet-4-5-thinking. Resetting state for optimistic retry.
test (22)	Run Tests	2026-01-22T04:16:13.3196921Z [90m[2026-01-22T04:16:13.319Z][0m [33m[WARN][0m [AccountManager] Reset all rate limits for optimistic retry
test (22)	Run Tests	2026-01-22T04:16:13.3198103Z [90m[2026-01-22T04:16:13.319Z][0m [34m[INFO][0m [API] Request for model: claude-sonnet-4-5-thinking, stream: false
test (22)	Run Tests	2026-01-22T04:16:13.3201529Z [90m[2026-01-22T04:16:13.320Z][0m [33m[WARN][0m [CloudCode] All 0 account(s) rate-limited. Waiting 10s...
test (22)	Run Tests	2026-01-22T04:16:23.8252907Z [90m[2026-01-22T04:16:23.824Z][0m [33m[WARN][0m [CloudCode] All 0 account(s) rate-limited. Waiting 10s...
test (22)	Run Tests	2026-01-22T04:16:34.3319891Z [90m[2026-01-22T04:16:34.331Z][0m [33m[WARN][0m [CloudCode] All 0 account(s) rate-limited. Waiting 10s...
test (22)	Run Tests	2026-01-22T04:16:44.8428578Z [90m[2026-01-22T04:16:44.842Z][0m [33m[WARN][0m [CloudCode] All 0 account(s) rate-limited. Waiting 10s...
test (22)	Run Tests	2026-01-22T04:16:55.3536472Z [90m[2026-01-22T04:16:55.353Z][0m [33m[WARN][0m [CloudCode] All 0 account(s) rate-limited. Waiting 10s...
test (22)	Run Tests	2026-01-22T04:17:05.8618525Z [90m[2026-01-22T04:17:05.861Z][0m [31m[ERROR][0m [API] Error handling message request: Error: Max retries exceeded
test (22)	Run Tests	2026-01-22T04:17:05.8620383Z     at sendMessage (file:///home/runner/work/antigravity-claude-proxy/antigravity-claude-proxy/src/cloudcode/message-handler.js:459:11)
test (22)	Run Tests	2026-01-22T04:17:05.8622020Z     at async file:///home/runner/work/antigravity-claude-proxy/antigravity-claude-proxy/src/server/routes/anthropic.js:245:34
test (22)	Run Tests	2026-01-22T04:17:05.8636733Z [90m[2026-01-22T04:17:05.863Z][0m [31m[ERROR][0m [POST] /messages 500 (52544ms)
test (22)	Run Tests	2026-01-22T04:17:05.8665130Z   ERROR: Max retries exceeded
test (22)	Run Tests	2026-01-22T04:17:05.8665435Z 
test (22)	Run Tests	2026-01-22T04:17:05.8665713Z ============================================================
test (22)	Run Tests	2026-01-22T04:17:05.8666285Z SUMMARY [CLAUDE]
test (22)	Run Tests	2026-01-22T04:17:05.8666986Z ============================================================
test (22)	Run Tests	2026-01-22T04:17:05.8667554Z   [FAIL] Turn 1: Initial request
test (22)	Run Tests	2026-01-22T04:17:05.8667840Z 
test (22)	Run Tests	2026-01-22T04:17:05.8668141Z ============================================================
test (22)	Run Tests	2026-01-22T04:17:05.8668672Z [CLAUDE] SOME TESTS FAILED
test (22)	Run Tests	2026-01-22T04:17:05.8669214Z ============================================================
test (22)	Run Tests	2026-01-22T04:17:05.8669786Z 
test (22)	Run Tests	2026-01-22T04:17:05.8669799Z 
test (22)	Run Tests	2026-01-22T04:17:05.8670115Z ============================================================
test (22)	Run Tests	2026-01-22T04:17:05.8670704Z MULTI-TURN TOOL CALL TEST [GEMINI]
test (22)	Run Tests	2026-01-22T04:17:05.8671137Z Model: gemini-3-flash
test (22)	Run Tests	2026-01-22T04:17:05.8671470Z Simulates Claude Code conversation pattern
test (22)	Run Tests	2026-01-22T04:17:05.8674017Z ============================================================
test (22)	Run Tests	2026-01-22T04:17:05.8674322Z 
test (22)	Run Tests	2026-01-22T04:17:05.8674588Z TURN 1: User asks to find and read a config file
test (22)	Run Tests	2026-01-22T04:17:05.8675093Z ----------------------------------------
test (22)	Run Tests	2026-01-22T04:17:05.8683425Z [90m[2026-01-22T04:17:05.868Z][0m [33m[WARN][0m [Server] All accounts rate-limited for gemini-3-flash. Resetting state for optimistic retry.
test (22)	Run Tests	2026-01-22T04:17:05.8685121Z [90m[2026-01-22T04:17:05.868Z][0m [33m[WARN][0m [AccountManager] Reset all rate limits for optimistic retry
test (22)	Run Tests	2026-01-22T04:17:05.8686080Z [90m[2026-01-22T04:17:05.868Z][0m [34m[INFO][0m [API] Request for model: gemini-3-flash, stream: false
test (22)	Run Tests	2026-01-22T04:17:05.8686999Z [90m[2026-01-22T04:17:05.868Z][0m [33m[WARN][0m [CloudCode] All 0 account(s) rate-limited. Waiting 10s...
test (22)	Run Tests	2026-01-22T04:17:16.3726559Z [90m[2026-01-22T04:17:16.372Z][0m [33m[WARN][0m [CloudCode] All 0 account(s) rate-limited. Waiting 10s...
test (22)	Run Tests	2026-01-22T04:17:26.8834913Z [90m[2026-01-22T04:17:26.883Z][0m [33m[WARN][0m [CloudCode] All 0 account(s) rate-limited. Waiting 10s...
test (22)	Run Tests	2026-01-22T04:17:37.3927163Z [90m[2026-01-22T04:17:37.392Z][0m [33m[WARN][0m [CloudCode] All 0 account(s) rate-limited. Waiting 10s...
test (22)	Run Tests	2026-01-22T04:17:47.8974069Z [90m[2026-01-22T04:17:47.897Z][0m [33m[WARN][0m [CloudCode] All 0 account(s) rate-limited. Waiting 10s...
test (22)	Run Tests	2026-01-22T04:17:58.3985727Z [90m[2026-01-22T04:17:58.398Z][0m [31m[ERROR][0m [API] Error handling message request: Error: Max retries exceeded
test (22)	Run Tests	2026-01-22T04:17:58.3988190Z     at sendMessage (file:///home/runner/work/antigravity-claude-proxy/antigravity-claude-proxy/src/cloudcode/message-handler.js:459:11)
test (22)	Run Tests	2026-01-22T04:17:58.3994128Z     at async file:///home/runner/work/antigravity-claude-proxy/antigravity-claude-proxy/src/server/routes/anthropic.js:245:34
test (22)	Run Tests	2026-01-22T04:17:58.3995678Z [90m[2026-01-22T04:17:58.398Z][0m [31m[ERROR][0m [POST] /messages 500 (52531ms)
test (22)	Run Tests	2026-01-22T04:17:58.3996864Z   ERROR: Max retries exceeded
test (22)	Run Tests	2026-01-22T04:17:58.3997199Z 
test (22)	Run Tests	2026-01-22T04:17:58.3997542Z ============================================================
test (22)	Run Tests	2026-01-22T04:17:58.3998078Z SUMMARY [GEMINI]
test (22)	Run Tests	2026-01-22T04:17:58.3998646Z ============================================================
test (22)	Run Tests	2026-01-22T04:17:58.3999245Z   [FAIL] Turn 1: Initial request
test (22)	Run Tests	2026-01-22T04:17:58.3999745Z 
test (22)	Run Tests	2026-01-22T04:17:58.4000084Z ============================================================
test (22)	Run Tests	2026-01-22T04:17:58.4000670Z [GEMINI] SOME TESTS FAILED
test (22)	Run Tests	2026-01-22T04:17:58.4001228Z ============================================================
test (22)	Run Tests	2026-01-22T04:17:58.4001607Z 
test (22)	Run Tests	2026-01-22T04:17:58.4001881Z ============================================================
test (22)	Run Tests	2026-01-22T04:17:58.4002226Z FINAL RESULT
test (22)	Run Tests	2026-01-22T04:17:58.4002552Z ============================================================
test (22)	Run Tests	2026-01-22T04:17:58.4002950Z Overall: SOME MODEL FAMILIES FAILED
test (22)	Run Tests	2026-01-22T04:17:58.4003475Z ============================================================
test (22)	Run Tests	2026-01-22T04:17:58.4033941Z 
test (22)	Run Tests	2026-01-22T04:17:58.4034126Z 
test (22)	Run Tests	2026-01-22T04:17:58.4034150Z 
test (22)	Run Tests	2026-01-22T04:17:58.4034502Z 
test (22)	Run Tests	2026-01-22T04:17:58.4035070Z ╔════════════════════════════════════════════════════════════╗
test (22)	Run Tests	2026-01-22T04:17:58.4035721Z ║ Running: Multi-turn Tools (Streaming)                      ║
test (22)	Run Tests	2026-01-22T04:17:58.4036240Z ╚════════════════════════════════════════════════════════════╝
test (22)	Run Tests	2026-01-22T04:17:58.4036443Z 
test (22)	Run Tests	2026-01-22T04:17:58.4332389Z 
test (22)	Run Tests	2026-01-22T04:17:58.4332458Z 
test (22)	Run Tests	2026-01-22T04:17:58.4337273Z ============================================================
test (22)	Run Tests	2026-01-22T04:17:58.4338026Z MULTI-TURN TOOL CALL TEST [CLAUDE]
test (22)	Run Tests	2026-01-22T04:17:58.4338649Z Model: claude-sonnet-4-5-thinking
test (22)	Run Tests	2026-01-22T04:17:58.4339525Z Simulates Claude Code streaming conversation
test (22)	Run Tests	2026-01-22T04:17:58.4340295Z ============================================================
test (22)	Run Tests	2026-01-22T04:17:58.4340709Z 
test (22)	Run Tests	2026-01-22T04:17:58.4341155Z TURN 1: User asks to run a command
test (22)	Run Tests	2026-01-22T04:17:58.4341745Z ----------------------------------------
test (22)	Run Tests	2026-01-22T04:17:58.4461645Z [90m[2026-01-22T04:17:58.445Z][0m [33m[WARN][0m [Server] All accounts rate-limited for claude-sonnet-4-5-thinking. Resetting state for optimistic retry.
test (22)	Run Tests	2026-01-22T04:17:58.4463906Z [90m[2026-01-22T04:17:58.445Z][0m [33m[WARN][0m [AccountManager] Reset all rate limits for optimistic retry
test (22)	Run Tests	2026-01-22T04:17:58.4465117Z [90m[2026-01-22T04:17:58.445Z][0m [34m[INFO][0m [API] Request for model: claude-sonnet-4-5-thinking, stream: true
test (22)	Run Tests	2026-01-22T04:17:58.4466225Z [90m[2026-01-22T04:17:58.446Z][0m [33m[WARN][0m [CloudCode] All 0 account(s) rate-limited. Waiting 10s...
test (22)	Run Tests	2026-01-22T04:18:08.9511639Z [90m[2026-01-22T04:18:08.950Z][0m [33m[WARN][0m [CloudCode] All 0 account(s) rate-limited. Waiting 10s...
test (22)	Run Tests	2026-01-22T04:18:19.4594977Z [90m[2026-01-22T04:18:19.459Z][0m [33m[WARN][0m [CloudCode] All 0 account(s) rate-limited. Waiting 10s...
test (22)	Run Tests	2026-01-22T04:18:29.9623704Z [90m[2026-01-22T04:18:29.961Z][0m [33m[WARN][0m [CloudCode] All 0 account(s) rate-limited. Waiting 10s...
test (22)	Run Tests	2026-01-22T04:18:40.4732254Z [90m[2026-01-22T04:18:40.472Z][0m [33m[WARN][0m [CloudCode] All 0 account(s) rate-limited. Waiting 10s...
test (22)	Run Tests	2026-01-22T04:18:50.9842822Z [90m[2026-01-22T04:18:50.983Z][0m [31m[ERROR][0m [API] Stream error: Error: Max retries exceeded
test (22)	Run Tests	2026-01-22T04:18:50.9844954Z     at sendMessageStream (file:///home/runner/work/antigravity-claude-proxy/antigravity-claude-proxy/src/cloudcode/streaming-handler.js:554:11)
test (22)	Run Tests	2026-01-22T04:18:50.9847551Z     at async file:///home/runner/work/antigravity-claude-proxy/antigravity-claude-proxy/src/server/routes/anthropic.js:192:38
test (22)	Run Tests	2026-01-22T04:18:50.9849106Z [90m[2026-01-22T04:18:50.984Z][0m [34m[INFO][0m [POST] /messages 200 (52539ms)
test (22)	Run Tests	2026-01-22T04:18:50.9867587Z   Content:
test (22)	Run Tests	2026-01-22T04:18:50.9868038Z     Thinking: NO (0 blocks)
test (22)	Run Tests	2026-01-22T04:18:50.9868549Z     Signature: NO
test (22)	Run Tests	2026-01-22T04:18:50.9868995Z     Tool Use: NO (0 calls)
test (22)	Run Tests	2026-01-22T04:18:50.9869656Z   Events:
test (22)	Run Tests	2026-01-22T04:18:50.9869976Z     message_start: 0
test (22)	Run Tests	2026-01-22T04:18:50.9870316Z     content_block_start/stop: 0/0
test (22)	Run Tests	2026-01-22T04:18:50.9870866Z     thinking_delta: 0
test (22)	Run Tests	2026-01-22T04:18:50.9871255Z     signature_delta: 0
test (22)	Run Tests	2026-01-22T04:18:50.9871542Z     input_json_delta: 0
test (22)	Run Tests	2026-01-22T04:18:50.9871781Z 
test (22)	Run Tests	2026-01-22T04:18:50.9872151Z ============================================================
test (22)	Run Tests	2026-01-22T04:18:50.9872757Z SUMMARY [CLAUDE]
test (22)	Run Tests	2026-01-22T04:18:50.9873360Z ============================================================
test (22)	Run Tests	2026-01-22T04:18:50.9874032Z   [FAIL] Turn 1: Signature + Tool Use
test (22)	Run Tests	2026-01-22T04:18:50.9874403Z 
test (22)	Run Tests	2026-01-22T04:18:50.9874754Z ============================================================
test (22)	Run Tests	2026-01-22T04:18:50.9875378Z [CLAUDE] SOME TESTS FAILED
test (22)	Run Tests	2026-01-22T04:18:50.9876041Z ============================================================
test (22)	Run Tests	2026-01-22T04:18:50.9876456Z 
test (22)	Run Tests	2026-01-22T04:18:50.9876467Z 
test (22)	Run Tests	2026-01-22T04:18:50.9876768Z ============================================================
test (22)	Run Tests	2026-01-22T04:18:50.9877210Z MULTI-TURN TOOL CALL TEST [GEMINI]
test (22)	Run Tests	2026-01-22T04:18:50.9877566Z Model: gemini-3-flash
test (22)	Run Tests	2026-01-22T04:18:50.9877967Z Simulates Claude Code streaming conversation
test (22)	Run Tests	2026-01-22T04:18:50.9878464Z ============================================================
test (22)	Run Tests	2026-01-22T04:18:50.9878732Z 
test (22)	Run Tests	2026-01-22T04:18:50.9878911Z TURN 1: User asks to run a command
test (22)	Run Tests	2026-01-22T04:18:50.9879523Z ----------------------------------------
test (22)	Run Tests	2026-01-22T04:18:50.9888431Z [90m[2026-01-22T04:18:50.988Z][0m [33m[WARN][0m [Server] All accounts rate-limited for gemini-3-flash. Resetting state for optimistic retry.
test (22)	Run Tests	2026-01-22T04:18:50.9890455Z [90m[2026-01-22T04:18:50.988Z][0m [33m[WARN][0m [AccountManager] Reset all rate limits for optimistic retry
test (22)	Run Tests	2026-01-22T04:18:50.9891373Z [90m[2026-01-22T04:18:50.988Z][0m [34m[INFO][0m [API] Request for model: gemini-3-flash, stream: true
test (22)	Run Tests	2026-01-22T04:18:50.9892186Z [90m[2026-01-22T04:18:50.988Z][0m [33m[WARN][0m [CloudCode] All 0 account(s) rate-limited. Waiting 10s...
test (22)	Run Tests	2026-01-22T04:19:01.4933724Z [90m[2026-01-22T04:19:01.493Z][0m [33m[WARN][0m [CloudCode] All 0 account(s) rate-limited. Waiting 10s...
test (22)	Run Tests	2026-01-22T04:19:12.0034818Z [90m[2026-01-22T04:19:12.003Z][0m [33m[WARN][0m [CloudCode] All 0 account(s) rate-limited. Waiting 10s...
test (22)	Run Tests	2026-01-22T04:19:22.5143591Z [90m[2026-01-22T04:19:22.513Z][0m [33m[WARN][0m [CloudCode] All 0 account(s) rate-limited. Waiting 10s...
test (22)	Run Tests	2026-01-22T04:19:33.0200879Z [90m[2026-01-22T04:19:33.019Z][0m [33m[WARN][0m [CloudCode] All 0 account(s) rate-limited. Waiting 10s...
test (22)	Run Tests	2026-01-22T04:19:43.5310991Z [90m[2026-01-22T04:19:43.530Z][0m [31m[ERROR][0m [API] Stream error: Error: Max retries exceeded
test (22)	Run Tests	2026-01-22T04:19:43.5313159Z     at sendMessageStream (file:///home/runner/work/antigravity-claude-proxy/antigravity-claude-proxy/src/cloudcode/streaming-handler.js:554:11)
test (22)	Run Tests	2026-01-22T04:19:43.5315279Z     at async file:///home/runner/work/antigravity-claude-proxy/antigravity-claude-proxy/src/server/routes/anthropic.js:192:38
test (22)	Run Tests	2026-01-22T04:19:43.5316489Z [90m[2026-01-22T04:19:43.531Z][0m [34m[INFO][0m [POST] /messages 200 (52543ms)
test (22)	Run Tests	2026-01-22T04:19:43.5317622Z   Content:
test (22)	Run Tests	2026-01-22T04:19:43.5317984Z     Thinking: NO (0 blocks)
test (22)	Run Tests	2026-01-22T04:19:43.5318322Z     Signature: NO
test (22)	Run Tests	2026-01-22T04:19:43.5318646Z     Tool Use: NO (0 calls)
test (22)	Run Tests	2026-01-22T04:19:43.5318969Z   Events:
test (22)	Run Tests	2026-01-22T04:19:43.5319563Z     message_start: 0
test (22)	Run Tests	2026-01-22T04:19:43.5320172Z     content_block_start/stop: 0/0
test (22)	Run Tests	2026-01-22T04:19:43.5320677Z     thinking_delta: 0
test (22)	Run Tests	2026-01-22T04:19:43.5321082Z     signature_delta: 0
test (22)	Run Tests	2026-01-22T04:19:43.5321444Z     input_json_delta: 0
test (22)	Run Tests	2026-01-22T04:19:43.5321716Z 
test (22)	Run Tests	2026-01-22T04:19:43.5322037Z ============================================================
test (22)	Run Tests	2026-01-22T04:19:43.5323016Z SUMMARY [GEMINI]
test (22)	Run Tests	2026-01-22T04:19:43.5323514Z ============================================================
test (22)	Run Tests	2026-01-22T04:19:43.5324093Z   [FAIL] Turn 1: Signature + Tool Use
test (22)	Run Tests	2026-01-22T04:19:43.5324396Z 
test (22)	Run Tests	2026-01-22T04:19:43.5324720Z ============================================================
test (22)	Run Tests	2026-01-22T04:19:43.5325277Z [GEMINI] SOME TESTS FAILED
test (22)	Run Tests	2026-01-22T04:19:43.5325862Z ============================================================
test (22)	Run Tests	2026-01-22T04:19:43.5326194Z 
test (22)	Run Tests	2026-01-22T04:19:43.5326355Z ============================================================
test (22)	Run Tests	2026-01-22T04:19:43.5326754Z FINAL RESULT
test (22)	Run Tests	2026-01-22T04:19:43.5327023Z ============================================================
test (22)	Run Tests	2026-01-22T04:19:43.5327358Z Overall: SOME MODEL FAMILIES FAILED
test (22)	Run Tests	2026-01-22T04:19:43.5327681Z ============================================================
test (22)	Run Tests	2026-01-22T04:19:43.5353964Z 
test (22)	Run Tests	2026-01-22T04:19:43.5354181Z 
test (22)	Run Tests	2026-01-22T04:19:43.5354205Z 
test (22)	Run Tests	2026-01-22T04:19:43.5354216Z 
test (22)	Run Tests	2026-01-22T04:19:43.5354999Z ╔════════════════════════════════════════════════════════════╗
test (22)	Run Tests	2026-01-22T04:19:43.5355776Z ║ Running: Interleaved Thinking                              ║
test (22)	Run Tests	2026-01-22T04:19:43.5356314Z ╚════════════════════════════════════════════════════════════╝
test (22)	Run Tests	2026-01-22T04:19:43.5356535Z 
test (22)	Run Tests	2026-01-22T04:19:43.5659827Z 
test (22)	Run Tests	2026-01-22T04:19:43.5659895Z 
test (22)	Run Tests	2026-01-22T04:19:43.5664692Z ============================================================
test (22)	Run Tests	2026-01-22T04:19:43.5665624Z INTERLEAVED THINKING TEST [CLAUDE]
test (22)	Run Tests	2026-01-22T04:19:43.5666275Z Model: claude-sonnet-4-5-thinking
test (22)	Run Tests	2026-01-22T04:19:43.5666905Z Tests complex multi-step reasoning with tools
test (22)	Run Tests	2026-01-22T04:19:43.5667721Z ============================================================
test (22)	Run Tests	2026-01-22T04:19:43.5668182Z 
test (22)	Run Tests	2026-01-22T04:19:43.5668566Z TEST 1: Complex task - read, modify, write, test
test (22)	Run Tests	2026-01-22T04:19:43.5669059Z ----------------------------------------
test (22)	Run Tests	2026-01-22T04:19:43.5792097Z [90m[2026-01-22T04:19:43.578Z][0m [33m[WARN][0m [Server] All accounts rate-limited for claude-sonnet-4-5-thinking. Resetting state for optimistic retry.
test (22)	Run Tests	2026-01-22T04:19:43.5793823Z [90m[2026-01-22T04:19:43.579Z][0m [33m[WARN][0m [AccountManager] Reset all rate limits for optimistic retry
test (22)	Run Tests	2026-01-22T04:19:43.5795237Z [90m[2026-01-22T04:19:43.579Z][0m [34m[INFO][0m [API] Request for model: claude-sonnet-4-5-thinking, stream: true
test (22)	Run Tests	2026-01-22T04:19:43.5796533Z [90m[2026-01-22T04:19:43.579Z][0m [33m[WARN][0m [CloudCode] All 0 account(s) rate-limited. Waiting 10s...
test (22)	Run Tests	2026-01-22T04:19:54.0835484Z [90m[2026-01-22T04:19:54.083Z][0m [33m[WARN][0m [CloudCode] All 0 account(s) rate-limited. Waiting 10s...
test (22)	Run Tests	2026-01-22T04:20:04.5915170Z [90m[2026-01-22T04:20:04.591Z][0m [33m[WARN][0m [CloudCode] All 0 account(s) rate-limited. Waiting 10s...
test (22)	Run Tests	2026-01-22T04:20:15.1023277Z [90m[2026-01-22T04:20:15.102Z][0m [33m[WARN][0m [CloudCode] All 0 account(s) rate-limited. Waiting 10s...
test (22)	Run Tests	2026-01-22T04:20:25.6131698Z [90m[2026-01-22T04:20:25.612Z][0m [33m[WARN][0m [CloudCode] All 0 account(s) rate-limited. Waiting 10s...
test (22)	Run Tests	2026-01-22T04:20:36.1221186Z [90m[2026-01-22T04:20:36.121Z][0m [31m[ERROR][0m [API] Stream error: Error: Max retries exceeded
test (22)	Run Tests	2026-01-22T04:20:36.1223154Z     at sendMessageStream (file:///home/runner/work/antigravity-claude-proxy/antigravity-claude-proxy/src/cloudcode/streaming-handler.js:554:11)
test (22)	Run Tests	2026-01-22T04:20:36.1225184Z     at async file:///home/runner/work/antigravity-claude-proxy/antigravity-claude-proxy/src/server/routes/anthropic.js:192:38
test (22)	Run Tests	2026-01-22T04:20:36.1226498Z [90m[2026-01-22T04:20:36.122Z][0m [34m[INFO][0m [POST] /messages 200 (52544ms)
test (22)	Run Tests	2026-01-22T04:20:36.1245263Z   Thinking blocks: 0
test (22)	Run Tests	2026-01-22T04:20:36.1245990Z   Tool use blocks: 0
test (22)	Run Tests	2026-01-22T04:20:36.1246394Z   Text blocks: 0
test (22)	Run Tests	2026-01-22T04:20:36.1246735Z   Signed thinking blocks: 0
test (22)	Run Tests	2026-01-22T04:20:36.1247545Z   Block order: 
test (22)	Run Tests	2026-01-22T04:20:36.1247744Z 
test (22)	Run Tests	2026-01-22T04:20:36.1247970Z TEST 2: Response after tool result
test (22)	Run Tests	2026-01-22T04:20:36.1248475Z ----------------------------------------
test (22)	Run Tests	2026-01-22T04:20:36.1248964Z   SKIPPED - No tool use in previous test
test (22)	Run Tests	2026-01-22T04:20:36.1249939Z 
test (22)	Run Tests	2026-01-22T04:20:36.1250236Z ============================================================
test (22)	Run Tests	2026-01-22T04:20:36.1250684Z SUMMARY [CLAUDE]
test (22)	Run Tests	2026-01-22T04:20:36.1251133Z ============================================================
test (22)	Run Tests	2026-01-22T04:20:36.1251649Z   [FAIL] Thinking + Tools in complex task
test (22)	Run Tests	2026-01-22T04:20:36.1252150Z   [SKIP] Response after tool result
test (22)	Run Tests	2026-01-22T04:20:36.1252446Z 
test (22)	Run Tests	2026-01-22T04:20:36.1252790Z ============================================================
test (22)	Run Tests	2026-01-22T04:20:36.1253290Z [CLAUDE] SOME TESTS FAILED
test (22)	Run Tests	2026-01-22T04:20:36.1253793Z ============================================================
test (22)	Run Tests	2026-01-22T04:20:36.1254128Z 
test (22)	Run Tests	2026-01-22T04:20:36.1254358Z ============================================================
test (22)	Run Tests	2026-01-22T04:20:36.1254663Z FINAL RESULT
test (22)	Run Tests	2026-01-22T04:20:36.1254930Z ============================================================
test (22)	Run Tests	2026-01-22T04:20:36.1255219Z Overall: SOME TESTS FAILED
test (22)	Run Tests	2026-01-22T04:20:36.1255667Z ============================================================
test (22)	Run Tests	2026-01-22T04:20:36.1280897Z 
test (22)	Run Tests	2026-01-22T04:20:36.1280924Z 
test (22)	Run Tests	2026-01-22T04:20:36.1281111Z 
test (22)	Run Tests	2026-01-22T04:20:36.1281121Z 
test (22)	Run Tests	2026-01-22T04:20:36.1282002Z ╔════════════════════════════════════════════════════════════╗
test (22)	Run Tests	2026-01-22T04:20:36.1282553Z ║ Running: Image Support                                     ║
test (22)	Run Tests	2026-01-22T04:20:36.1283081Z ╚════════════════════════════════════════════════════════════╝
test (22)	Run Tests	2026-01-22T04:20:36.1283290Z 
test (22)	Run Tests	2026-01-22T04:20:36.1584106Z 
test (22)	Run Tests	2026-01-22T04:20:36.1584170Z 
test (22)	Run Tests	2026-01-22T04:20:36.1588636Z ============================================================
test (22)	Run Tests	2026-01-22T04:20:36.1589512Z IMAGE SUPPORT TEST [CLAUDE]
test (22)	Run Tests	2026-01-22T04:20:36.1590158Z Model: claude-sonnet-4-5-thinking
test (22)	Run Tests	2026-01-22T04:20:36.1590766Z Tests image processing with thinking models
test (22)	Run Tests	2026-01-22T04:20:36.1591538Z ============================================================
test (22)	Run Tests	2026-01-22T04:20:36.1591993Z 
test (22)	Run Tests	2026-01-22T04:20:36.1592406Z TEST 1: Single image with question
test (22)	Run Tests	2026-01-22T04:20:36.1593466Z ----------------------------------------
test (22)	Run Tests	2026-01-22T04:20:36.1717617Z [90m[2026-01-22T04:20:36.171Z][0m [33m[WARN][0m [Server] All accounts rate-limited for claude-sonnet-4-5-thinking. Resetting state for optimistic retry.
test (22)	Run Tests	2026-01-22T04:20:36.1720323Z [90m[2026-01-22T04:20:36.171Z][0m [33m[WARN][0m [AccountManager] Reset all rate limits for optimistic retry
test (22)	Run Tests	2026-01-22T04:20:36.1722374Z [90m[2026-01-22T04:20:36.171Z][0m [34m[INFO][0m [API] Request for model: claude-sonnet-4-5-thinking, stream: true
test (22)	Run Tests	2026-01-22T04:20:36.1723725Z [90m[2026-01-22T04:20:36.171Z][0m [33m[WARN][0m [CloudCode] All 0 account(s) rate-limited. Waiting 10s...
test (22)	Run Tests	2026-01-22T04:20:46.6767514Z [90m[2026-01-22T04:20:46.676Z][0m [33m[WARN][0m [CloudCode] All 0 account(s) rate-limited. Waiting 10s...
test (22)	Run Tests	2026-01-22T04:20:57.1875268Z [90m[2026-01-22T04:20:57.187Z][0m [33m[WARN][0m [CloudCode] All 0 account(s) rate-limited. Waiting 10s...
test (22)	Run Tests	2026-01-22T04:21:07.6975361Z [90m[2026-01-22T04:21:07.697Z][0m [33m[WARN][0m [CloudCode] All 0 account(s) rate-limited. Waiting 10s...
test (22)	Run Tests	2026-01-22T04:21:18.2083901Z [90m[2026-01-22T04:21:18.208Z][0m [33m[WARN][0m [CloudCode] All 0 account(s) rate-limited. Waiting 10s...
test (22)	Run Tests	2026-01-22T04:21:28.7103880Z [90m[2026-01-22T04:21:28.709Z][0m [31m[ERROR][0m [API] Stream error: Error: Max retries exceeded
test (22)	Run Tests	2026-01-22T04:21:28.7106198Z     at sendMessageStream (file:///home/runner/work/antigravity-claude-proxy/antigravity-claude-proxy/src/cloudcode/streaming-handler.js:554:11)
test (22)	Run Tests	2026-01-22T04:21:28.7109761Z     at async file:///home/runner/work/antigravity-claude-proxy/antigravity-claude-proxy/src/server/routes/anthropic.js:192:38
test (22)	Run Tests	2026-01-22T04:21:28.7112484Z [90m[2026-01-22T04:21:28.710Z][0m [34m[INFO][0m [POST] /messages 200 (52539ms)
test (22)	Run Tests	2026-01-22T04:21:28.7131135Z   Thinking: NO
test (22)	Run Tests	2026-01-22T04:21:28.7131535Z   Text response: NO
test (22)	Run Tests	2026-01-22T04:21:28.7131763Z 
test (22)	Run Tests	2026-01-22T04:21:28.7132055Z TEST 2: Image in multi-turn conversation
test (22)	Run Tests	2026-01-22T04:21:28.7132584Z ----------------------------------------
test (22)	Run Tests	2026-01-22T04:21:28.7152825Z [90m[2026-01-22T04:21:28.715Z][0m [33m[WARN][0m [Server] All accounts rate-limited for claude-sonnet-4-5-thinking. Resetting state for optimistic retry.
test (22)	Run Tests	2026-01-22T04:21:28.7154612Z [90m[2026-01-22T04:21:28.715Z][0m [33m[WARN][0m [AccountManager] Reset all rate limits for optimistic retry
test (22)	Run Tests	2026-01-22T04:21:28.7156294Z [90m[2026-01-22T04:21:28.715Z][0m [34m[INFO][0m [API] Request for model: claude-sonnet-4-5-thinking, stream: true
test (22)	Run Tests	2026-01-22T04:21:28.7157834Z [90m[2026-01-22T04:21:28.715Z][0m [33m[WARN][0m [CloudCode] All 0 account(s) rate-limited. Waiting 10s...
test (22)	Run Tests	2026-01-22T04:21:39.2198448Z [90m[2026-01-22T04:21:39.219Z][0m [33m[WARN][0m [CloudCode] All 0 account(s) rate-limited. Waiting 10s...
test (22)	Run Tests	2026-01-22T04:21:49.7307015Z [90m[2026-01-22T04:21:49.730Z][0m [33m[WARN][0m [CloudCode] All 0 account(s) rate-limited. Waiting 10s...
test (22)	Run Tests	2026-01-22T04:22:00.2326795Z [90m[2026-01-22T04:22:00.232Z][0m [33m[WARN][0m [CloudCode] All 0 account(s) rate-limited. Waiting 10s...
test (22)	Run Tests	2026-01-22T04:22:10.7434509Z [90m[2026-01-22T04:22:10.743Z][0m [33m[WARN][0m [CloudCode] All 0 account(s) rate-limited. Waiting 10s...
test (22)	Run Tests	2026-01-22T04:22:21.2462121Z [90m[2026-01-22T04:22:21.245Z][0m [31m[ERROR][0m [API] Stream error: Error: Max retries exceeded
test (22)	Run Tests	2026-01-22T04:22:21.2463984Z     at sendMessageStream (file:///home/runner/work/antigravity-claude-proxy/antigravity-claude-proxy/src/cloudcode/streaming-handler.js:554:11)
test (22)	Run Tests	2026-01-22T04:22:21.2466389Z     at async file:///home/runner/work/antigravity-claude-proxy/antigravity-claude-proxy/src/server/routes/anthropic.js:192:38
test (22)	Run Tests	2026-01-22T04:22:21.2468377Z [90m[2026-01-22T04:22:21.246Z][0m [34m[INFO][0m [POST] /messages 200 (52532ms)
test (22)	Run Tests	2026-01-22T04:22:21.2472025Z   Thinking: NO
test (22)	Run Tests	2026-01-22T04:22:21.2472548Z   Text response: NO
test (22)	Run Tests	2026-01-22T04:22:21.2472854Z 
test (22)	Run Tests	2026-01-22T04:22:21.2473313Z ============================================================
test (22)	Run Tests	2026-01-22T04:22:21.2474036Z SUMMARY [CLAUDE]
test (22)	Run Tests	2026-01-22T04:22:21.2474717Z ============================================================
test (22)	Run Tests	2026-01-22T04:22:21.2475491Z   [FAIL] Single image processing
test (22)	Run Tests	2026-01-22T04:22:21.2476022Z   [FAIL] Image in multi-turn
test (22)	Run Tests	2026-01-22T04:22:21.2476290Z 
test (22)	Run Tests	2026-01-22T04:22:21.2476585Z ============================================================
test (22)	Run Tests	2026-01-22T04:22:21.2477117Z [CLAUDE] SOME TESTS FAILED
test (22)	Run Tests	2026-01-22T04:22:21.2477668Z ============================================================
test (22)	Run Tests	2026-01-22T04:22:21.2478542Z 
test (22)	Run Tests	2026-01-22T04:22:21.2478561Z 
test (22)	Run Tests	2026-01-22T04:22:21.2478880Z ============================================================
test (22)	Run Tests	2026-01-22T04:22:21.2479659Z IMAGE SUPPORT TEST [GEMINI]
test (22)	Run Tests	2026-01-22T04:22:21.2479932Z Model: gemini-3-flash
test (22)	Run Tests	2026-01-22T04:22:21.2480223Z Tests image processing with thinking models
test (22)	Run Tests	2026-01-22T04:22:21.2480586Z ============================================================
test (22)	Run Tests	2026-01-22T04:22:21.2480781Z 
test (22)	Run Tests	2026-01-22T04:22:21.2480922Z TEST 1: Single image with question
test (22)	Run Tests	2026-01-22T04:22:21.2481212Z ----------------------------------------
test (22)	Run Tests	2026-01-22T04:22:21.2487531Z [90m[2026-01-22T04:22:21.248Z][0m [33m[WARN][0m [Server] All accounts rate-limited for gemini-3-flash. Resetting state for optimistic retry.
test (22)	Run Tests	2026-01-22T04:22:21.2489011Z [90m[2026-01-22T04:22:21.248Z][0m [33m[WARN][0m [AccountManager] Reset all rate limits for optimistic retry
test (22)	Run Tests	2026-01-22T04:22:21.2490670Z [90m[2026-01-22T04:22:21.248Z][0m [34m[INFO][0m [API] Request for model: gemini-3-flash, stream: true
test (22)	Run Tests	2026-01-22T04:22:21.2491565Z [90m[2026-01-22T04:22:21.248Z][0m [33m[WARN][0m [CloudCode] All 0 account(s) rate-limited. Waiting 10s...
test (22)	Run Tests	2026-01-22T04:22:31.7520804Z [90m[2026-01-22T04:22:31.751Z][0m [33m[WARN][0m [CloudCode] All 0 account(s) rate-limited. Waiting 10s...
test (22)	Run Tests	2026-01-22T04:22:42.2628216Z [90m[2026-01-22T04:22:42.262Z][0m [33m[WARN][0m [CloudCode] All 0 account(s) rate-limited. Waiting 10s...
test (22)	Run Tests	2026-01-22T04:22:52.7737401Z [90m[2026-01-22T04:22:52.773Z][0m [33m[WARN][0m [CloudCode] All 0 account(s) rate-limited. Waiting 10s...
test (22)	Run Tests	2026-01-22T04:23:03.2754934Z [90m[2026-01-22T04:23:03.275Z][0m [33m[WARN][0m [CloudCode] All 0 account(s) rate-limited. Waiting 10s...
test (22)	Run Tests	2026-01-22T04:23:13.7797079Z [90m[2026-01-22T04:23:13.779Z][0m [31m[ERROR][0m [API] Stream error: Error: Max retries exceeded
test (22)	Run Tests	2026-01-22T04:23:13.7799660Z     at sendMessageStream (file:///home/runner/work/antigravity-claude-proxy/antigravity-claude-proxy/src/cloudcode/streaming-handler.js:554:11)
test (22)	Run Tests	2026-01-22T04:23:13.7801926Z     at async file:///home/runner/work/antigravity-claude-proxy/antigravity-claude-proxy/src/server/routes/anthropic.js:192:38
test (22)	Run Tests	2026-01-22T04:23:13.7803802Z [90m[2026-01-22T04:23:13.779Z][0m [34m[INFO][0m [POST] /messages 200 (52531ms)
test (22)	Run Tests	2026-01-22T04:23:13.7805918Z   Thinking: NO
test (22)	Run Tests	2026-01-22T04:23:13.7806357Z   Text response: NO
test (22)	Run Tests	2026-01-22T04:23:13.7806612Z 
test (22)	Run Tests	2026-01-22T04:23:13.7806897Z TEST 2: Image in multi-turn conversation
test (22)	Run Tests	2026-01-22T04:23:13.7807534Z ----------------------------------------
test (22)	Run Tests	2026-01-22T04:23:13.7816934Z [90m[2026-01-22T04:23:13.781Z][0m [33m[WARN][0m [Server] All accounts rate-limited for gemini-3-flash. Resetting state for optimistic retry.
test (22)	Run Tests	2026-01-22T04:23:13.7818434Z [90m[2026-01-22T04:23:13.781Z][0m [33m[WARN][0m [AccountManager] Reset all rate limits for optimistic retry
test (22)	Run Tests	2026-01-22T04:23:13.7820189Z [90m[2026-01-22T04:23:13.781Z][0m [34m[INFO][0m [API] Request for model: gemini-3-flash, stream: true
test (22)	Run Tests	2026-01-22T04:23:13.7821292Z [90m[2026-01-22T04:23:13.781Z][0m [33m[WARN][0m [CloudCode] All 0 account(s) rate-limited. Waiting 10s...
test (22)	Run Tests	2026-01-22T04:23:24.2861025Z [90m[2026-01-22T04:23:24.285Z][0m [33m[WARN][0m [CloudCode] All 0 account(s) rate-limited. Waiting 10s...
test (22)	Run Tests	2026-01-22T04:23:34.7941009Z [90m[2026-01-22T04:23:34.793Z][0m [33m[WARN][0m [CloudCode] All 0 account(s) rate-limited. Waiting 10s...
test (22)	Run Tests	2026-01-22T04:23:45.3048622Z [90m[2026-01-22T04:23:45.304Z][0m [33m[WARN][0m [CloudCode] All 0 account(s) rate-limited. Waiting 10s...
test (22)	Run Tests	2026-01-22T04:23:55.8157352Z [90m[2026-01-22T04:23:55.815Z][0m [33m[WARN][0m [CloudCode] All 0 account(s) rate-limited. Waiting 10s...
test (22)	Run Tests	2026-01-22T04:24:06.3156948Z [90m[2026-01-22T04:24:06.315Z][0m [31m[ERROR][0m [API] Stream error: Error: Max retries exceeded
test (22)	Run Tests	2026-01-22T04:24:06.3160173Z     at sendMessageStream (file:///home/runner/work/antigravity-claude-proxy/antigravity-claude-proxy/src/cloudcode/streaming-handler.js:554:11)
test (22)	Run Tests	2026-01-22T04:24:06.3162414Z     at async file:///home/runner/work/antigravity-claude-proxy/antigravity-claude-proxy/src/server/routes/anthropic.js:192:38
test (22)	Run Tests	2026-01-22T04:24:06.3163810Z [90m[2026-01-22T04:24:06.315Z][0m [34m[INFO][0m [POST] /messages 200 (52534ms)
test (22)	Run Tests	2026-01-22T04:24:06.3164560Z   Thinking: NO
test (22)	Run Tests	2026-01-22T04:24:06.3164899Z   Text response: NO
test (22)	Run Tests	2026-01-22T04:24:06.3165106Z 
test (22)	Run Tests	2026-01-22T04:24:06.3165426Z ============================================================
test (22)	Run Tests	2026-01-22T04:24:06.3165926Z SUMMARY [GEMINI]
test (22)	Run Tests	2026-01-22T04:24:06.3166475Z ============================================================
test (22)	Run Tests	2026-01-22T04:24:06.3167104Z   [FAIL] Single image processing
test (22)	Run Tests	2026-01-22T04:24:06.3167636Z   [FAIL] Image in multi-turn
test (22)	Run Tests	2026-01-22T04:24:06.3167953Z 
test (22)	Run Tests	2026-01-22T04:24:06.3168306Z ============================================================
test (22)	Run Tests	2026-01-22T04:24:06.3168942Z [GEMINI] SOME TESTS FAILED
test (22)	Run Tests	2026-01-22T04:24:06.3169725Z ============================================================
test (22)	Run Tests	2026-01-22T04:24:06.3169998Z 
test (22)	Run Tests	2026-01-22T04:24:06.3170237Z ============================================================
test (22)	Run Tests	2026-01-22T04:24:06.3170600Z FINAL RESULT
test (22)	Run Tests	2026-01-22T04:24:06.3170953Z ============================================================
test (22)	Run Tests	2026-01-22T04:24:06.3171402Z Overall: SOME MODEL FAMILIES FAILED
test (22)	Run Tests	2026-01-22T04:24:06.3171856Z ============================================================
test (22)	Run Tests	2026-01-22T04:24:06.3196570Z 
test (22)	Run Tests	2026-01-22T04:24:06.3196718Z 
test (22)	Run Tests	2026-01-22T04:24:06.3196802Z 
test (22)	Run Tests	2026-01-22T04:24:06.3196812Z 
test (22)	Run Tests	2026-01-22T04:24:06.3197435Z ╔════════════════════════════════════════════════════════════╗
test (22)	Run Tests	2026-01-22T04:24:06.3198133Z ║ Running: Prompt Caching                                    ║
test (22)	Run Tests	2026-01-22T04:24:06.3198979Z ╚════════════════════════════════════════════════════════════╝
test (22)	Run Tests	2026-01-22T04:24:06.3199216Z 
test (22)	Run Tests	2026-01-22T04:24:06.3498162Z 
test (22)	Run Tests	2026-01-22T04:24:06.3498201Z 
test (22)	Run Tests	2026-01-22T04:24:06.3503510Z ============================================================
test (22)	Run Tests	2026-01-22T04:24:06.3504135Z PROMPT CACHING TEST [CLAUDE]
test (22)	Run Tests	2026-01-22T04:24:06.3504699Z Model: claude-sonnet-4-5-thinking
test (22)	Run Tests	2026-01-22T04:24:06.3505447Z Verifies session ID stability and cache token reporting
test (22)	Run Tests	2026-01-22T04:24:06.3506186Z ============================================================
test (22)	Run Tests	2026-01-22T04:24:06.3506577Z 
test (22)	Run Tests	2026-01-22T04:24:06.3507210Z TURN 1: Initial request (establishes cache)
test (22)	Run Tests	2026-01-22T04:24:06.3507825Z ----------------------------------------
test (22)	Run Tests	2026-01-22T04:24:06.3629579Z [90m[2026-01-22T04:24:06.362Z][0m [33m[WARN][0m [Server] All accounts rate-limited for claude-sonnet-4-5-thinking. Resetting state for optimistic retry.
test (22)	Run Tests	2026-01-22T04:24:06.3631326Z [90m[2026-01-22T04:24:06.362Z][0m [33m[WARN][0m [AccountManager] Reset all rate limits for optimistic retry
test (22)	Run Tests	2026-01-22T04:24:06.3632273Z [90m[2026-01-22T04:24:06.362Z][0m [34m[INFO][0m [API] Request for model: claude-sonnet-4-5-thinking, stream: true
test (22)	Run Tests	2026-01-22T04:24:06.3633114Z [90m[2026-01-22T04:24:06.363Z][0m [33m[WARN][0m [CloudCode] All 0 account(s) rate-limited. Waiting 10s...
test (22)	Run Tests	2026-01-22T04:24:16.8656457Z [90m[2026-01-22T04:24:16.865Z][0m [33m[WARN][0m [CloudCode] All 0 account(s) rate-limited. Waiting 10s...
test (22)	Run Tests	2026-01-22T04:24:27.3765115Z [90m[2026-01-22T04:24:27.376Z][0m [33m[WARN][0m [CloudCode] All 0 account(s) rate-limited. Waiting 10s...
test (22)	Run Tests	2026-01-22T04:24:37.8863180Z [90m[2026-01-22T04:24:37.885Z][0m [33m[WARN][0m [CloudCode] All 0 account(s) rate-limited. Waiting 10s...
test (22)	Run Tests	2026-01-22T04:24:48.3971507Z [90m[2026-01-22T04:24:48.396Z][0m [33m[WARN][0m [CloudCode] All 0 account(s) rate-limited. Waiting 10s...
test (22)	Run Tests	2026-01-22T04:24:58.8981843Z [90m[2026-01-22T04:24:58.897Z][0m [31m[ERROR][0m [API] Stream error: Error: Max retries exceeded
test (22)	Run Tests	2026-01-22T04:24:58.8983508Z     at sendMessageStream (file:///home/runner/work/antigravity-claude-proxy/antigravity-claude-proxy/src/cloudcode/streaming-handler.js:554:11)
test (22)	Run Tests	2026-01-22T04:24:58.8985289Z     at async file:///home/runner/work/antigravity-claude-proxy/antigravity-claude-proxy/src/server/routes/anthropic.js:192:38
test (22)	Run Tests	2026-01-22T04:24:58.8987237Z [90m[2026-01-22T04:24:58.898Z][0m [34m[INFO][0m [POST] /messages 200 (52536ms)
test (22)	Run Tests	2026-01-22T04:24:58.9006216Z   Content:
test (22)	Run Tests	2026-01-22T04:24:58.9007875Z     Thinking: NO
test (22)	Run Tests	2026-01-22T04:24:58.9009899Z     Text: NO
test (22)	Run Tests	2026-01-22T04:24:58.9010346Z   Usage:
test (22)	Run Tests	2026-01-22T04:24:58.9010759Z     input_tokens: 0
test (22)	Run Tests	2026-01-22T04:24:58.9011189Z     output_tokens: 0
test (22)	Run Tests	2026-01-22T04:24:58.9011707Z     cache_read_input_tokens: 0
test (22)	Run Tests	2026-01-22T04:24:58.9012305Z     cache_creation_input_tokens: 0
test (22)	Run Tests	2026-01-22T04:24:58.9012758Z 
test (22)	Run Tests	2026-01-22T04:24:58.9013260Z TURN 2: Follow-up request (should use cache)
test (22)	Run Tests	2026-01-22T04:24:58.9013880Z ----------------------------------------
test (22)	Run Tests	2026-01-22T04:24:58.9026852Z [90m[2026-01-22T04:24:58.902Z][0m [33m[WARN][0m [Server] All accounts rate-limited for claude-sonnet-4-5-thinking. Resetting state for optimistic retry.
test (22)	Run Tests	2026-01-22T04:24:58.9028841Z [90m[2026-01-22T04:24:58.902Z][0m [33m[WARN][0m [AccountManager] Reset all rate limits for optimistic retry
test (22)	Run Tests	2026-01-22T04:24:58.9030507Z [90m[2026-01-22T04:24:58.902Z][0m [34m[INFO][0m [API] Request for model: claude-sonnet-4-5-thinking, stream: true
test (22)	Run Tests	2026-01-22T04:24:58.9031422Z [90m[2026-01-22T04:24:58.902Z][0m [33m[WARN][0m [CloudCode] All 0 account(s) rate-limited. Waiting 10s...
test (22)	Run Tests	2026-01-22T04:25:09.4070656Z [90m[2026-01-22T04:25:09.406Z][0m [33m[WARN][0m [CloudCode] All 0 account(s) rate-limited. Waiting 10s...
test (22)	Run Tests	2026-01-22T04:25:19.9178609Z [90m[2026-01-22T04:25:19.917Z][0m [33m[WARN][0m [CloudCode] All 0 account(s) rate-limited. Waiting 10s...
test (22)	Run Tests	2026-01-22T04:25:30.4187549Z [90m[2026-01-22T04:25:30.418Z][0m [33m[WARN][0m [CloudCode] All 0 account(s) rate-limited. Waiting 10s...
test (22)	Run Tests	2026-01-22T04:25:40.9296181Z [90m[2026-01-22T04:25:40.929Z][0m [33m[WARN][0m [CloudCode] All 0 account(s) rate-limited. Waiting 10s...
test (22)	Run Tests	2026-01-22T04:25:51.4405631Z [90m[2026-01-22T04:25:51.440Z][0m [31m[ERROR][0m [API] Stream error: Error: Max retries exceeded
test (22)	Run Tests	2026-01-22T04:25:51.4407628Z     at sendMessageStream (file:///home/runner/work/antigravity-claude-proxy/antigravity-claude-proxy/src/cloudcode/streaming-handler.js:554:11)
test (22)	Run Tests	2026-01-22T04:25:51.4410143Z     at async file:///home/runner/work/antigravity-claude-proxy/antigravity-claude-proxy/src/server/routes/anthropic.js:192:38
test (22)	Run Tests	2026-01-22T04:25:51.4412055Z [90m[2026-01-22T04:25:51.440Z][0m [34m[INFO][0m [POST] /messages 200 (52538ms)
test (22)	Run Tests	2026-01-22T04:25:51.4414545Z   Content:
test (22)	Run Tests	2026-01-22T04:25:51.4414937Z     Thinking: NO
test (22)	Run Tests	2026-01-22T04:25:51.4415336Z     Text: NO
test (22)	Run Tests	2026-01-22T04:25:51.4415741Z   Usage:
test (22)	Run Tests	2026-01-22T04:25:51.4416154Z     input_tokens: 0
test (22)	Run Tests	2026-01-22T04:25:51.4416636Z     output_tokens: 0
test (22)	Run Tests	2026-01-22T04:25:51.4417160Z     cache_read_input_tokens: 0
test (22)	Run Tests	2026-01-22T04:25:51.4417816Z     cache_creation_input_tokens: 0
test (22)	Run Tests	2026-01-22T04:25:51.4418472Z   CACHE MISS: No tokens read from cache
test (22)	Run Tests	2026-01-22T04:25:51.4419265Z   Note: Cache may take time to populate on first conversation
test (22)	Run Tests	2026-01-22T04:25:51.4419921Z 
test (22)	Run Tests	2026-01-22T04:25:51.4420206Z ============================================================
test (22)	Run Tests	2026-01-22T04:25:51.4420683Z SUMMARY [CLAUDE]
test (22)	Run Tests	2026-01-22T04:25:51.4421686Z ============================================================
test (22)	Run Tests	2026-01-22T04:25:51.4422239Z   [FAIL] Turn 1: Has response and usage
test (22)	Run Tests	2026-01-22T04:25:51.4422765Z   [FAIL] Turn 2: Has response and usage
test (22)	Run Tests	2026-01-22T04:25:51.4423499Z   [PASS] Turn 2: Cache read tokens reported (No cache hit (may be first run))
test (22)	Run Tests	2026-01-22T04:25:51.4424020Z 
test (22)	Run Tests	2026-01-22T04:25:51.4424340Z ============================================================
test (22)	Run Tests	2026-01-22T04:25:51.4424886Z [CLAUDE] SOME TESTS FAILED
test (22)	Run Tests	2026-01-22T04:25:51.4425328Z ============================================================
test (22)	Run Tests	2026-01-22T04:25:51.4425534Z 
test (22)	Run Tests	2026-01-22T04:25:51.4425691Z Note: Cache effectiveness depends on:
test (22)	Run Tests	2026-01-22T04:25:51.4426060Z   1. Stable session ID (derived from first user message hash)
test (22)	Run Tests	2026-01-22T04:25:51.4426478Z   2. Sticky account selection (same account across turns)
test (22)	Run Tests	2026-01-22T04:25:51.4426890Z   3. API-side cache availability (may take time to populate)
test (22)	Run Tests	2026-01-22T04:25:51.4427121Z 
test (22)	Run Tests	2026-01-22T04:25:51.4427134Z 
test (22)	Run Tests	2026-01-22T04:25:51.4427288Z ============================================================
test (22)	Run Tests	2026-01-22T04:25:51.4427581Z PROMPT CACHING TEST [GEMINI]
test (22)	Run Tests	2026-01-22T04:25:51.4427816Z Model: gemini-3-flash
test (22)	Run Tests	2026-01-22T04:25:51.4428151Z Verifies session ID stability and cache token reporting
test (22)	Run Tests	2026-01-22T04:25:51.4428521Z ============================================================
test (22)	Run Tests	2026-01-22T04:25:51.4428715Z 
test (22)	Run Tests	2026-01-22T04:25:51.4428865Z TURN 1: Initial request (establishes cache)
test (22)	Run Tests	2026-01-22T04:25:51.4429176Z ----------------------------------------
test (22)	Run Tests	2026-01-22T04:25:51.4432281Z [90m[2026-01-22T04:25:51.443Z][0m [33m[WARN][0m [Server] All accounts rate-limited for gemini-3-flash. Resetting state for optimistic retry.
test (22)	Run Tests	2026-01-22T04:25:51.4434454Z [90m[2026-01-22T04:25:51.443Z][0m [33m[WARN][0m [AccountManager] Reset all rate limits for optimistic retry
test (22)	Run Tests	2026-01-22T04:25:51.4435535Z [90m[2026-01-22T04:25:51.443Z][0m [34m[INFO][0m [API] Request for model: gemini-3-flash, stream: true
test (22)	Run Tests	2026-01-22T04:25:51.4436349Z [90m[2026-01-22T04:25:51.443Z][0m [33m[WARN][0m [CloudCode] All 0 account(s) rate-limited. Waiting 10s...
test (22)	Run Tests	2026-01-22T04:26:01.9477371Z [90m[2026-01-22T04:26:01.947Z][0m [33m[WARN][0m [CloudCode] All 0 account(s) rate-limited. Waiting 10s...
test (22)	Run Tests	2026-01-22T04:26:12.4585172Z [90m[2026-01-22T04:26:12.458Z][0m [33m[WARN][0m [CloudCode] All 0 account(s) rate-limited. Waiting 10s...
test (22)	Run Tests	2026-01-22T04:26:22.9694491Z [90m[2026-01-22T04:26:22.969Z][0m [33m[WARN][0m [CloudCode] All 0 account(s) rate-limited. Waiting 10s...
test (22)	Run Tests	2026-01-22T04:26:33.4751582Z [90m[2026-01-22T04:26:33.474Z][0m [33m[WARN][0m [CloudCode] All 0 account(s) rate-limited. Waiting 10s...
test (22)	Run Tests	2026-01-22T04:26:43.9861418Z [90m[2026-01-22T04:26:43.985Z][0m [31m[ERROR][0m [API] Stream error: Error: Max retries exceeded
test (22)	Run Tests	2026-01-22T04:26:43.9864139Z     at sendMessageStream (file:///home/runner/work/antigravity-claude-proxy/antigravity-claude-proxy/src/cloudcode/streaming-handler.js:554:11)
test (22)	Run Tests	2026-01-22T04:26:43.9867746Z     at async file:///home/runner/work/antigravity-claude-proxy/antigravity-claude-proxy/src/server/routes/anthropic.js:192:38
test (22)	Run Tests	2026-01-22T04:26:43.9871044Z [90m[2026-01-22T04:26:43.986Z][0m [34m[INFO][0m [POST] /messages 200 (52544ms)
test (22)	Run Tests	2026-01-22T04:26:43.9872168Z   Content:
test (22)	Run Tests	2026-01-22T04:26:43.9872678Z     Thinking: NO
test (22)	Run Tests	2026-01-22T04:26:43.9873178Z     Text: NO
test (22)	Run Tests	2026-01-22T04:26:43.9873715Z   Usage:
test (22)	Run Tests	2026-01-22T04:26:43.9874269Z     input_tokens: 0
test (22)	Run Tests	2026-01-22T04:26:43.9874798Z     output_tokens: 0
test (22)	Run Tests	2026-01-22T04:26:43.9875405Z     cache_read_input_tokens: 0
test (22)	Run Tests	2026-01-22T04:26:43.9876042Z     cache_creation_input_tokens: 0
test (22)	Run Tests	2026-01-22T04:26:43.9876481Z 
test (22)	Run Tests	2026-01-22T04:26:43.9876905Z TURN 2: Follow-up request (should use cache)
test (22)	Run Tests	2026-01-22T04:26:43.9877769Z ----------------------------------------
test (22)	Run Tests	2026-01-22T04:26:43.9886954Z [90m[2026-01-22T04:26:43.988Z][0m [33m[WARN][0m [Server] All accounts rate-limited for gemini-3-flash. Resetting state for optimistic retry.
test (22)	Run Tests	2026-01-22T04:26:43.9888499Z [90m[2026-01-22T04:26:43.988Z][0m [33m[WARN][0m [AccountManager] Reset all rate limits for optimistic retry
test (22)	Run Tests	2026-01-22T04:26:43.9890004Z [90m[2026-01-22T04:26:43.988Z][0m [34m[INFO][0m [API] Request for model: gemini-3-flash, stream: true
test (22)	Run Tests	2026-01-22T04:26:43.9890846Z [90m[2026-01-22T04:26:43.988Z][0m [33m[WARN][0m [CloudCode] All 0 account(s) rate-limited. Waiting 10s...
test (22)	Run Tests	2026-01-22T04:26:54.4931189Z [90m[2026-01-22T04:26:54.492Z][0m [33m[WARN][0m [CloudCode] All 0 account(s) rate-limited. Waiting 10s...
test (22)	Run Tests	2026-01-22T04:27:05.0000801Z [90m[2026-01-22T04:27:04.999Z][0m [33m[WARN][0m [CloudCode] All 0 account(s) rate-limited. Waiting 10s...
test (22)	Run Tests	2026-01-22T04:27:15.5109127Z [90m[2026-01-22T04:27:15.510Z][0m [33m[WARN][0m [CloudCode] All 0 account(s) rate-limited. Waiting 10s...
test (22)	Run Tests	2026-01-22T04:27:26.0194377Z [90m[2026-01-22T04:27:26.019Z][0m [33m[WARN][0m [CloudCode] All 0 account(s) rate-limited. Waiting 10s...
test (22)	Run Tests	2026-01-22T04:27:36.5285076Z [90m[2026-01-22T04:27:36.528Z][0m [31m[ERROR][0m [API] Stream error: Error: Max retries exceeded
test (22)	Run Tests	2026-01-22T04:27:36.5288029Z     at sendMessageStream (file:///home/runner/work/antigravity-claude-proxy/antigravity-claude-proxy/src/cloudcode/streaming-handler.js:554:11)
test (22)	Run Tests	2026-01-22T04:27:36.5291896Z     at async file:///home/runner/work/antigravity-claude-proxy/antigravity-claude-proxy/src/server/routes/anthropic.js:192:38
test (22)	Run Tests	2026-01-22T04:27:36.5294826Z [90m[2026-01-22T04:27:36.528Z][0m [34m[INFO][0m [POST] /messages 200 (52540ms)
test (22)	Run Tests	2026-01-22T04:27:36.5295770Z   Content:
test (22)	Run Tests	2026-01-22T04:27:36.5296209Z     Thinking: NO
test (22)	Run Tests	2026-01-22T04:27:36.5296682Z     Text: NO
test (22)	Run Tests	2026-01-22T04:27:36.5297143Z   Usage:
test (22)	Run Tests	2026-01-22T04:27:36.5298110Z     input_tokens: 0
test (22)	Run Tests	2026-01-22T04:27:36.5298630Z     output_tokens: 0
test (22)	Run Tests	2026-01-22T04:27:36.5299073Z     cache_read_input_tokens: 0
test (22)	Run Tests	2026-01-22T04:27:36.5299783Z     cache_creation_input_tokens: 0
test (22)	Run Tests	2026-01-22T04:27:36.5300427Z   CACHE MISS: No tokens read from cache
test (22)	Run Tests	2026-01-22T04:27:36.5301248Z   Note: Cache may take time to populate on first conversation
test (22)	Run Tests	2026-01-22T04:27:36.5301795Z 
test (22)	Run Tests	2026-01-22T04:27:36.5302143Z ============================================================
test (22)	Run Tests	2026-01-22T04:27:36.5302732Z SUMMARY [GEMINI]
test (22)	Run Tests	2026-01-22T04:27:36.5303352Z ============================================================
test (22)	Run Tests	2026-01-22T04:27:36.5303986Z   [FAIL] Turn 1: Has response and usage
test (22)	Run Tests	2026-01-22T04:27:36.5304469Z   [FAIL] Turn 2: Has response and usage
test (22)	Run Tests	2026-01-22T04:27:36.5305050Z   [PASS] Turn 2: Cache read tokens reported (No cache hit (may be first run))
test (22)	Run Tests	2026-01-22T04:27:36.5305516Z 
test (22)	Run Tests	2026-01-22T04:27:36.5305760Z ============================================================
test (22)	Run Tests	2026-01-22T04:27:36.5306217Z [GEMINI] SOME TESTS FAILED
test (22)	Run Tests	2026-01-22T04:27:36.5306733Z ============================================================
test (22)	Run Tests	2026-01-22T04:27:36.5306991Z 
test (22)	Run Tests	2026-01-22T04:27:36.5307194Z Note: Cache effectiveness depends on:
test (22)	Run Tests	2026-01-22T04:27:36.5307758Z   1. Stable session ID (derived from first user message hash)
test (22)	Run Tests	2026-01-22T04:27:36.5308349Z   2. Sticky account selection (same account across turns)
test (22)	Run Tests	2026-01-22T04:27:36.5308953Z   3. API-side cache availability (may take time to populate)
test (22)	Run Tests	2026-01-22T04:27:36.5309504Z 
test (22)	Run Tests	2026-01-22T04:27:36.5309758Z ============================================================
test (22)	Run Tests	2026-01-22T04:27:36.5310169Z FINAL RESULT
test (22)	Run Tests	2026-01-22T04:27:36.5310584Z ============================================================
test (22)	Run Tests	2026-01-22T04:27:36.5311118Z Overall: SOME MODEL FAMILIES FAILED
test (22)	Run Tests	2026-01-22T04:27:36.5311651Z ============================================================
test (22)	Run Tests	2026-01-22T04:27:36.5334836Z 
test (22)	Run Tests	2026-01-22T04:27:36.5334884Z 
test (22)	Run Tests	2026-01-22T04:27:36.5334894Z 
test (22)	Run Tests	2026-01-22T04:27:36.5334931Z 
test (22)	Run Tests	2026-01-22T04:27:36.5335686Z ╔════════════════════════════════════════════════════════════╗
test (22)	Run Tests	2026-01-22T04:27:36.5336784Z ║ Running: Cross-Model Thinking                              ║
test (22)	Run Tests	2026-01-22T04:27:36.5337954Z ╚════════════════════════════════════════════════════════════╝
test (22)	Run Tests	2026-01-22T04:27:36.5338251Z 
test (22)	Run Tests	2026-01-22T04:27:36.5634776Z 
test (22)	Run Tests	2026-01-22T04:27:36.5635012Z 
test (22)	Run Tests	2026-01-22T04:27:36.5638113Z ╔══════════════════════════════════════════════════════════╗
test (22)	Run Tests	2026-01-22T04:27:36.5640021Z ║      CROSS-MODEL THINKING SIGNATURE TEST SUITE           ║
test (22)	Run Tests	2026-01-22T04:27:36.5640938Z ║      Tests switching between Claude and Gemini           ║
test (22)	Run Tests	2026-01-22T04:27:36.5641706Z ╚══════════════════════════════════════════════════════════╝
test (22)	Run Tests	2026-01-22T04:27:36.5642107Z 
test (22)	Run Tests	2026-01-22T04:27:36.5642120Z 
test (22)	Run Tests	2026-01-22T04:27:36.5642587Z ============================================================
test (22)	Run Tests	2026-01-22T04:27:36.5643586Z TEST: Claude → Gemini Cross-Model Switch
test (22)	Run Tests	2026-01-22T04:27:36.5644291Z Simulates starting with Claude, then switching to Gemini
test (22)	Run Tests	2026-01-22T04:27:36.5645435Z ============================================================
test (22)	Run Tests	2026-01-22T04:27:36.5645887Z 
test (22)	Run Tests	2026-01-22T04:27:36.5646689Z TURN 1: Request to Claude (get thinking signature)
test (22)	Run Tests	2026-01-22T04:27:36.5647462Z ----------------------------------------
test (22)	Run Tests	2026-01-22T04:27:36.5761720Z [90m[2026-01-22T04:27:36.575Z][0m [33m[WARN][0m [Server] All accounts rate-limited for claude-sonnet-4-5-thinking. Resetting state for optimistic retry.
test (22)	Run Tests	2026-01-22T04:27:36.5763733Z [90m[2026-01-22T04:27:36.575Z][0m [33m[WARN][0m [AccountManager] Reset all rate limits for optimistic retry
test (22)	Run Tests	2026-01-22T04:27:36.5765167Z [90m[2026-01-22T04:27:36.575Z][0m [34m[INFO][0m [API] Request for model: claude-sonnet-4-5-thinking, stream: true
test (22)	Run Tests	2026-01-22T04:27:36.5766231Z [90m[2026-01-22T04:27:36.576Z][0m [33m[WARN][0m [CloudCode] All 0 account(s) rate-limited. Waiting 10s...
test (22)	Run Tests	2026-01-22T04:27:47.0814792Z [90m[2026-01-22T04:27:47.081Z][0m [33m[WARN][0m [CloudCode] All 0 account(s) rate-limited. Waiting 10s...
test (22)	Run Tests	2026-01-22T04:27:57.5922736Z [90m[2026-01-22T04:27:57.591Z][0m [33m[WARN][0m [CloudCode] All 0 account(s) rate-limited. Waiting 10s...
test (22)	Run Tests	2026-01-22T04:28:08.1031709Z [90m[2026-01-22T04:28:08.102Z][0m [33m[WARN][0m [CloudCode] All 0 account(s) rate-limited. Waiting 10s...
test (22)	Run Tests	2026-01-22T04:28:18.6140542Z [90m[2026-01-22T04:28:18.613Z][0m [33m[WARN][0m [CloudCode] All 0 account(s) rate-limited. Waiting 10s...
test (22)	Run Tests	2026-01-22T04:28:29.1158047Z [90m[2026-01-22T04:28:29.115Z][0m [31m[ERROR][0m [API] Stream error: Error: Max retries exceeded
test (22)	Run Tests	2026-01-22T04:28:29.1160018Z     at sendMessageStream (file:///home/runner/work/antigravity-claude-proxy/antigravity-claude-proxy/src/cloudcode/streaming-handler.js:554:11)
test (22)	Run Tests	2026-01-22T04:28:29.1161405Z     at async file:///home/runner/work/antigravity-claude-proxy/antigravity-claude-proxy/src/server/routes/anthropic.js:192:38
test (22)	Run Tests	2026-01-22T04:28:29.1162539Z [90m[2026-01-22T04:28:29.115Z][0m [34m[INFO][0m [POST] /messages 200 (52540ms)
test (22)	Run Tests	2026-01-22T04:28:29.1182122Z   Thinking: NO
test (22)	Run Tests	2026-01-22T04:28:29.1182503Z   Signature: NO
test (22)	Run Tests	2026-01-22T04:28:29.1182813Z   Tool Use: NO
test (22)	Run Tests	2026-01-22T04:28:29.1183128Z   SKIP: No tool use in turn 1
test (22)	Run Tests	2026-01-22T04:28:29.1186049Z 
test (22)	Run Tests	2026-01-22T04:28:29.1186725Z ============================================================
test (22)	Run Tests	2026-01-22T04:28:29.1187248Z TEST: Gemini → Claude Cross-Model Switch
test (22)	Run Tests	2026-01-22T04:28:29.1187661Z Simulates starting with Gemini, then switching to Claude
test (22)	Run Tests	2026-01-22T04:28:29.1188075Z ============================================================
test (22)	Run Tests	2026-01-22T04:28:29.1188276Z 
test (22)	Run Tests	2026-01-22T04:28:29.1188454Z TURN 1: Request to Gemini (get thinking signature)
test (22)	Run Tests	2026-01-22T04:28:29.1188792Z ----------------------------------------
test (22)	Run Tests	2026-01-22T04:28:29.1198897Z [90m[2026-01-22T04:28:29.119Z][0m [33m[WARN][0m [Server] All accounts rate-limited for gemini-3-flash. Resetting state for optimistic retry.
test (22)	Run Tests	2026-01-22T04:28:29.1200954Z [90m[2026-01-22T04:28:29.119Z][0m [33m[WARN][0m [AccountManager] Reset all rate limits for optimistic retry
test (22)	Run Tests	2026-01-22T04:28:29.1202469Z [90m[2026-01-22T04:28:29.119Z][0m [34m[INFO][0m [API] Request for model: gemini-3-flash, stream: true
test (22)	Run Tests	2026-01-22T04:28:29.1203354Z [90m[2026-01-22T04:28:29.119Z][0m [33m[WARN][0m [CloudCode] All 0 account(s) rate-limited. Waiting 10s...
test (22)	Run Tests	2026-01-22T04:28:39.6252805Z [90m[2026-01-22T04:28:39.624Z][0m [33m[WARN][0m [CloudCode] All 0 account(s) rate-limited. Waiting 10s...
test (22)	Run Tests	2026-01-22T04:28:50.1361831Z [90m[2026-01-22T04:28:50.135Z][0m [33m[WARN][0m [CloudCode] All 0 account(s) rate-limited. Waiting 10s...
test (22)	Run Tests	2026-01-22T04:29:00.6392146Z [90m[2026-01-22T04:29:00.638Z][0m [33m[WARN][0m [CloudCode] All 0 account(s) rate-limited. Waiting 10s...
test (22)	Run Tests	2026-01-22T04:29:11.1501216Z [90m[2026-01-22T04:29:11.149Z][0m [33m[WARN][0m [CloudCode] All 0 account(s) rate-limited. Waiting 10s...
test (22)	Run Tests	2026-01-22T04:29:21.6612594Z [90m[2026-01-22T04:29:21.660Z][0m [31m[ERROR][0m [API] Stream error: Error: Max retries exceeded
test (22)	Run Tests	2026-01-22T04:29:21.6614733Z     at sendMessageStream (file:///home/runner/work/antigravity-claude-proxy/antigravity-claude-proxy/src/cloudcode/streaming-handler.js:554:11)
test (22)	Run Tests	2026-01-22T04:29:21.6616570Z     at async file:///home/runner/work/antigravity-claude-proxy/antigravity-claude-proxy/src/server/routes/anthropic.js:192:38
test (22)	Run Tests	2026-01-22T04:29:21.6618189Z [90m[2026-01-22T04:29:21.661Z][0m [34m[INFO][0m [POST] /messages 200 (52542ms)
test (22)	Run Tests	2026-01-22T04:29:21.6619024Z   Thinking: NO
test (22)	Run Tests	2026-01-22T04:29:21.6619593Z   Signature: NO
test (22)	Run Tests	2026-01-22T04:29:21.6619938Z   Tool Use: NO
test (22)	Run Tests	2026-01-22T04:29:21.6620240Z   SKIP: No tool use in turn 1
test (22)	Run Tests	2026-01-22T04:29:21.6622623Z 
test (22)	Run Tests	2026-01-22T04:29:21.6623110Z ============================================================
test (22)	Run Tests	2026-01-22T04:29:21.6624009Z TEST: Gemini → Claude Cross-Model Switch (COLD CACHE)
test (22)	Run Tests	2026-01-22T04:29:21.6624872Z Simulates: thinking block with NO signature (stripped by Claude Code)
test (22)	Run Tests	2026-01-22T04:29:21.6625809Z Expected error without fix: "Expected thinking but found text"
test (22)	Run Tests	2026-01-22T04:29:21.6626618Z ============================================================
test (22)	Run Tests	2026-01-22T04:29:21.6627428Z 
test (22)	Run Tests	2026-01-22T04:29:21.6627711Z TURN 1: Request to Gemini (get tool_use)
test (22)	Run Tests	2026-01-22T04:29:21.6628227Z ----------------------------------------
test (22)	Run Tests	2026-01-22T04:29:21.6634634Z [90m[2026-01-22T04:29:21.663Z][0m [33m[WARN][0m [Server] All accounts rate-limited for gemini-3-flash. Resetting state for optimistic retry.
test (22)	Run Tests	2026-01-22T04:29:21.6636403Z [90m[2026-01-22T04:29:21.663Z][0m [33m[WARN][0m [AccountManager] Reset all rate limits for optimistic retry
test (22)	Run Tests	2026-01-22T04:29:21.6637313Z [90m[2026-01-22T04:29:21.663Z][0m [34m[INFO][0m [API] Request for model: gemini-3-flash, stream: true
test (22)	Run Tests	2026-01-22T04:29:21.6638123Z [90m[2026-01-22T04:29:21.663Z][0m [33m[WARN][0m [CloudCode] All 0 account(s) rate-limited. Waiting 10s...
test (22)	Run Tests	2026-01-22T04:29:29.2686887Z ##[error]The operation was canceled.
test (22)	Post Run actions/checkout@v4	﻿2026-01-22T04:29:29.2787859Z Post job cleanup.
test (22)	Post Run actions/checkout@v4	2026-01-22T04:29:29.3722468Z [command]/usr/bin/git version
test (22)	Post Run actions/checkout@v4	2026-01-22T04:29:29.3758695Z git version 2.52.0
test (22)	Post Run actions/checkout@v4	2026-01-22T04:29:29.3802064Z Temporarily overriding HOME='/home/runner/work/_temp/3beb2594-e19d-418b-9f65-1720e2fb19e9' before making global git config changes
test (22)	Post Run actions/checkout@v4	2026-01-22T04:29:29.3803306Z Adding repository directory to the temporary git global config as a safe directory
test (22)	Post Run actions/checkout@v4	2026-01-22T04:29:29.3808807Z [command]/usr/bin/git config --global --add safe.directory /home/runner/work/antigravity-claude-proxy/antigravity-claude-proxy
test (22)	Post Run actions/checkout@v4	2026-01-22T04:29:29.3845566Z [command]/usr/bin/git config --local --name-only --get-regexp core\.sshCommand
test (22)	Post Run actions/checkout@v4	2026-01-22T04:29:29.3877776Z [command]/usr/bin/git submodule foreach --recursive sh -c "git config --local --name-only --get-regexp 'core\.sshCommand' && git config --local --unset-all 'core.sshCommand' || :"
test (22)	Post Run actions/checkout@v4	2026-01-22T04:29:29.4103205Z [command]/usr/bin/git config --local --name-only --get-regexp http\.https\:\/\/github\.com\/\.extraheader
test (22)	Post Run actions/checkout@v4	2026-01-22T04:29:29.4123365Z http.https://github.com/.extraheader
test (22)	Post Run actions/checkout@v4	2026-01-22T04:29:29.4135406Z [command]/usr/bin/git config --local --unset-all http.https://github.com/.extraheader
test (22)	Post Run actions/checkout@v4	2026-01-22T04:29:29.4165550Z [command]/usr/bin/git submodule foreach --recursive sh -c "git config --local --name-only --get-regexp 'http\.https\:\/\/github\.com\/\.extraheader' && git config --local --unset-all 'http.https://github.com/.extraheader' || :"
test (22)	Post Run actions/checkout@v4	2026-01-22T04:29:29.4386960Z [command]/usr/bin/git config --local --name-only --get-regexp ^includeIf\.gitdir:
test (22)	Post Run actions/checkout@v4	2026-01-22T04:29:29.4416396Z [command]/usr/bin/git submodule foreach --recursive git config --local --show-origin --name-only --get-regexp remote.origin.url
test (22)	Complete job	﻿2026-01-22T04:29:29.4742796Z Cleaning up orphan processes
test (22)	Complete job	2026-01-22T04:29:29.5010776Z Terminate orphan process: pid (2176) (npm start)
test (22)	Complete job	2026-01-22T04:29:29.5034911Z Terminate orphan process: pid (2198) (sh)
test (22)	Complete job	2026-01-22T04:29:29.5057143Z Terminate orphan process: pid (2199) (node)
test (22)	Complete job	2026-01-22T04:29:29.5074199Z Terminate orphan process: pid (2222) (npm test)
test (22)	Complete job	2026-01-22T04:29:29.5099240Z Terminate orphan process: pid (2233) (sh)
test (22)	Complete job	2026-01-22T04:29:29.5124672Z Terminate orphan process: pid (2234) (node)
test (22)	Complete job	2026-01-22T04:29:29.5177986Z Terminate orphan process: pid (2516) (node)
